Component: ARM Compiler 5.06 update 6 (build 750) Tool: armlink [4d35ed]

==============================================================================

Section Cross References

    startup_stm32f103xb.o(RESET) refers to startup_stm32f103xb.o(STACK) for __initial_sp
    startup_stm32f103xb.o(RESET) refers to startup_stm32f103xb.o(.text) for Reset_Handler
    startup_stm32f103xb.o(RESET) refers to stm32f1xx_it.o(i.NMI_Handler) for NMI_Handler
    startup_stm32f103xb.o(RESET) refers to stm32f1xx_it.o(i.HardFault_Handler) for HardFault_Handler
    startup_stm32f103xb.o(RESET) refers to stm32f1xx_it.o(i.MemManage_Handler) for MemManage_Handler
    startup_stm32f103xb.o(RESET) refers to stm32f1xx_it.o(i.BusFault_Handler) for BusFault_Handler
    startup_stm32f103xb.o(RESET) refers to stm32f1xx_it.o(i.UsageFault_Handler) for UsageFault_Handler
    startup_stm32f103xb.o(RESET) refers to stm32f1xx_it.o(i.SVC_Handler) for SVC_Handler
    startup_stm32f103xb.o(RESET) refers to stm32f1xx_it.o(i.DebugMon_Handler) for DebugMon_Handler
    startup_stm32f103xb.o(RESET) refers to stm32f1xx_it.o(i.PendSV_Handler) for PendSV_Handler
    startup_stm32f103xb.o(RESET) refers to stm32f1xx_it.o(i.SysTick_Handler) for SysTick_Handler
    startup_stm32f103xb.o(.text) refers to system_stm32f1xx.o(i.SystemInit) for SystemInit
    startup_stm32f103xb.o(.text) refers to entry.o(.ARM.Collect$$$$00000000) for __main
    main.o(i.SystemClock_Config) refers to memseta.o(.text) for __aeabi_memclr4
    main.o(i.SystemClock_Config) refers to stm32f1xx_hal_rcc.o(i.HAL_RCC_OscConfig) for HAL_RCC_OscConfig
    main.o(i.SystemClock_Config) refers to main.o(i.Error_Handler) for Error_Handler
    main.o(i.SystemClock_Config) refers to stm32f1xx_hal_rcc.o(i.HAL_RCC_ClockConfig) for HAL_RCC_ClockConfig
    main.o(i.fputc) refers to stm32f1xx_hal_uart.o(i.HAL_UART_Transmit) for HAL_UART_Transmit
    main.o(i.fputc) refers to usart.o(.bss) for huart1
    main.o(i.main) refers to stm32f1xx_hal.o(i.HAL_Init) for HAL_Init
    main.o(i.main) refers to main.o(i.SystemClock_Config) for SystemClock_Config
    main.o(i.main) refers to gpio.o(i.MX_GPIO_Init) for MX_GPIO_Init
    main.o(i.main) refers to spi.o(i.MX_SPI1_Init) for MX_SPI1_Init
    main.o(i.main) refers to usart.o(i.MX_USART1_UART_Init) for MX_USART1_UART_Init
    main.o(i.main) refers to printf8.o(i.__0printf$8) for __2printf
    main.o(i.main) refers to stm32f1xx_hal.o(i.HAL_Delay) for HAL_Delay
    main.o(i.main) refers to w25qxx.o(i.W25QXX_Init) for W25QXX_Init
    main.o(i.main) refers to lfs_port.o(i.lfs_test) for lfs_test
    main.o(i.main2) refers to stm32f1xx_hal.o(i.HAL_Init) for HAL_Init
    main.o(i.main2) refers to main.o(i.SystemClock_Config) for SystemClock_Config
    main.o(i.main2) refers to gpio.o(i.MX_GPIO_Init) for MX_GPIO_Init
    main.o(i.main2) refers to spi.o(i.MX_SPI1_Init) for MX_SPI1_Init
    main.o(i.main2) refers to usart.o(i.MX_USART1_UART_Init) for MX_USART1_UART_Init
    gpio.o(i.MX_GPIO_Init) refers to stm32f1xx_hal_gpio.o(i.HAL_GPIO_WritePin) for HAL_GPIO_WritePin
    gpio.o(i.MX_GPIO_Init) refers to stm32f1xx_hal_gpio.o(i.HAL_GPIO_Init) for HAL_GPIO_Init
    spi.o(i.HAL_SPI_MspDeInit) refers to stm32f1xx_hal_gpio.o(i.HAL_GPIO_DeInit) for HAL_GPIO_DeInit
    spi.o(i.HAL_SPI_MspInit) refers to stm32f1xx_hal_gpio.o(i.HAL_GPIO_Init) for HAL_GPIO_Init
    spi.o(i.MX_SPI1_Init) refers to stm32f1xx_hal_spi.o(i.HAL_SPI_Init) for HAL_SPI_Init
    spi.o(i.MX_SPI1_Init) refers to main.o(i.Error_Handler) for Error_Handler
    spi.o(i.MX_SPI1_Init) refers to spi.o(.bss) for hspi1
    usart.o(i.HAL_UART_MspDeInit) refers to stm32f1xx_hal_gpio.o(i.HAL_GPIO_DeInit) for HAL_GPIO_DeInit
    usart.o(i.HAL_UART_MspInit) refers to stm32f1xx_hal_gpio.o(i.HAL_GPIO_Init) for HAL_GPIO_Init
    usart.o(i.MX_USART1_UART_Init) refers to stm32f1xx_hal_uart.o(i.HAL_UART_Init) for HAL_UART_Init
    usart.o(i.MX_USART1_UART_Init) refers to main.o(i.Error_Handler) for Error_Handler
    usart.o(i.MX_USART1_UART_Init) refers to usart.o(.bss) for huart1
    stm32f1xx_it.o(i.SysTick_Handler) refers to stm32f1xx_hal.o(i.HAL_IncTick) for HAL_IncTick
    w25qxx.o(i.W25QXX_Erase_Chip) refers to w25qxx.o(i.W25QXX_Write_Enable) for W25QXX_Write_Enable
    w25qxx.o(i.W25QXX_Erase_Chip) refers to w25qxx.o(i.W25QXX_Wait_Busy) for W25QXX_Wait_Busy
    w25qxx.o(i.W25QXX_Erase_Chip) refers to stm32f1xx_hal_gpio.o(i.HAL_GPIO_WritePin) for HAL_GPIO_WritePin
    w25qxx.o(i.W25QXX_Erase_Chip) refers to w25qxx.o(i.W25QXX_SPI_ReadWriteByte) for W25QXX_SPI_ReadWriteByte
    w25qxx.o(i.W25QXX_Erase_Sector) refers to w25qxx.o(i.W25QXX_Write_Enable) for W25QXX_Write_Enable
    w25qxx.o(i.W25QXX_Erase_Sector) refers to w25qxx.o(i.W25QXX_Wait_Busy) for W25QXX_Wait_Busy
    w25qxx.o(i.W25QXX_Erase_Sector) refers to stm32f1xx_hal_gpio.o(i.HAL_GPIO_WritePin) for HAL_GPIO_WritePin
[...]
    ../clib/microlib/init/entry.s            0x00000000   Number         0  entry.o ABSOLUTE
    ../clib/microlib/init/entry.s            0x00000000   Number         0  entry10b.o ABSOLUTE
    ../clib/microlib/init/entry.s            0x00000000   Number         0  entry2.o ABSOLUTE
    ../clib/microlib/init/entry.s            0x00000000   Number         0  entry5.o ABSOLUTE
    ../clib/microlib/init/entry.s            0x00000000   Number         0  entry7a.o ABSOLUTE
    ../clib/microlib/init/entry.s            0x00000000   Number         0  entry7b.o ABSOLUTE
    ../clib/microlib/init/entry.s            0x00000000   Number         0  entry8a.o ABSOLUTE
    ../clib/microlib/init/entry.s            0x00000000   Number         0  entry8b.o ABSOLUTE
    ../clib/microlib/init/entry.s            0x00000000   Number         0  entry9a.o ABSOLUTE
    ../clib/microlib/longlong.c              0x00000000   Number         0  llushr.o ABSOLUTE
    ../clib/microlib/longlong.c              0x00000000   Number         0  llsshr.o ABSOLUTE
    ../clib/microlib/longlong.c              0x00000000   Number         0  llshl.o ABSOLUTE
    ../clib/microlib/printf/printf.c         0x00000000   Number         0  printf4.o ABSOLUTE
    ../clib/microlib/printf/printf.c         0x00000000   Number         0  printf6.o ABSOLUTE
    ../clib/microlib/printf/printf.c         0x00000000   Number         0  printf5.o ABSOLUTE
    ../clib/microlib/printf/printf.c         0x00000000   Number         0  printf0.o ABSOLUTE
    ../clib/microlib/printf/printf.c         0x00000000   Number         0  printf3.o ABSOLUTE
    ../clib/microlib/printf/printf.c         0x00000000   Number         0  printfa.o ABSOLUTE
    ../clib/microlib/printf/printf.c         0x00000000   Number         0  printf2.o ABSOLUTE
    ../clib/microlib/printf/printf.c         0x00000000   Number         0  printf1.o ABSOLUTE
    ../clib/microlib/printf/printf.c         0x00000000   Number         0  printf8.o ABSOLUTE
    ../clib/microlib/printf/printf.c         0x00000000   Number         0  printfb.o ABSOLUTE
    ../clib/microlib/printf/printf.c         0x00000000   Number         0  printf7.o ABSOLUTE
    ../clib/microlib/printf/stubs.s          0x00000000   Number         0  stubs.o ABSOLUTE
    ../clib/microlib/stdio/streams.c         0x00000000   Number         0  stdout.o ABSOLUTE
    ../clib/microlib/string/memcmp.c         0x00000000   Number         0  memcmp.o ABSOLUTE
    ../clib/microlib/string/memcpy.c         0x00000000   Number         0  memcpya.o ABSOLUTE
    ../clib/microlib/string/memcpy.c         0x00000000   Number         0  memcpyb.o ABSOLUTE
    ../clib/microlib/string/memset.c         0x00000000   Number         0  memseta.o ABSOLUTE
    ../clib/microlib/string/strchr.c         0x00000000   Number         0  strchr.o ABSOLUTE
    ../clib/microlib/string/strcpy.c         0x00000000   Number         0  strcpy.o ABSOLUTE
    ../clib/microlib/string/strcspn.c        0x00000000   Number         0  strcspn.o ABSOLUTE
    ../clib/microlib/string/strlen.c         0x00000000   Number         0  strlen.o ABSOLUTE
    ../clib/microlib/string/strspn.c         0x00000000   Number         0  strspn.o ABSOLUTE
    ../clib/microlib/stubs.s                 0x00000000   Number         0  iusefp.o ABSOLUTE
    ../fplib/microlib/fpadd.c                0x00000000   Number         0  dadd.o ABSOLUTE
    ../fplib/microlib/fpdiv.c                0x00000000   Number         0  ddiv.o ABSOLUTE
    ../fplib/microlib/fpepilogue.c           0x00000000   Number         0  depilogue.o ABSOLUTE
    ../fplib/microlib/fpfix.c                0x00000000   Number         0  dfixul.o ABSOLUTE
    ../fplib/microlib/fpmul.c                0x00000000   Number         0  dmul.o ABSOLUTE
    ..\Core\Src\gpio.c                       0x00000000   Number         0  gpio.o ABSOLUTE
    ..\Core\Src\main.c                       0x00000000   Number         0  main.o ABSOLUTE
    ..\Core\Src\spi.c                        0x00000000   Number         0  spi.o ABSOLUTE
    ..\Core\Src\stm32f1xx_hal_msp.c          0x00000000   Number         0  stm32f1xx_hal_msp.o ABSOLUTE
    ..\Core\Src\stm32f1xx_it.c               0x00000000   Number         0  stm32f1xx_it.o ABSOLUTE
    ..\Core\Src\system_stm32f1xx.c           0x00000000   Number         0  system_stm32f1xx.o ABSOLUTE
    ..\Core\Src\usart.c                      0x00000000   Number         0  usart.o ABSOLUTE
    ..\Core\Src\w25qxx.c                     0x00000000   Number         0  w25qxx.o ABSOLUTE
    ..\Drivers\STM32F1xx_HAL_Driver\Src\stm32f1xx_hal.c 0x00000000   Number         0  stm32f1xx_hal.o ABSOLUTE
    ..\Drivers\STM32F1xx_HAL_Driver\Src\stm32f1xx_hal_cortex.c 0x00000000   Number         0  stm32f1xx_hal_cortex.o ABSOLUTE
    ..\Drivers\STM32F1xx_HAL_Driver\Src\stm32f1xx_hal_dma.c 0x00000000   Number         0  stm32f1xx_hal_dma.o ABSOLUTE
    ..\Drivers\STM32F1xx_HAL_Driver\Src\stm32f1xx_hal_exti.c 0x00000000   Number         0  stm32f1xx_hal_exti.o ABSOLUTE
    ..\Drivers\STM32F1xx_HAL_Driver\Src\stm32f1xx_hal_flash.c 0x00000000   Number         0  stm32f1xx_hal_flash.o ABSOLUTE
    ..\Drivers\STM32F1xx_HAL_Driver\Src\stm32f1xx_hal_flash_ex.c 0x00000000   Number         0  stm32f1xx_hal_flash_ex.o ABSOLUTE
    ..\Drivers\STM32F1xx_HAL_Driver\Src\stm32f1xx_hal_gpio.c 0x00000000   Number         0  stm32f1xx_hal_gpio.o ABSOLUTE
    ..\Drivers\STM32F1xx_HAL_Driver\Src\stm32f1xx_hal_gpio_ex.c 0x00000000   Number         0  stm32f1xx_hal_gpio_ex.o ABSOLUTE
    ..\Drivers\STM32F1xx_HAL_Driver\Src\stm32f1xx_hal_pwr.c 0x00000000   Number         0  stm32f1xx_hal_pwr.o ABSOLUTE
    ..\Drivers\STM32F1xx_HAL_Driver\Src\stm32f1xx_hal_rcc.c 0x00000000   Number         0  stm32f1xx_hal_rcc.o ABSOLUTE
    ..\Drivers\STM32F1xx_HAL_Driver\Src\stm32f1xx_hal_rcc_ex.c 0x00000000   Number         0  stm32f1xx_hal_rcc_ex.o ABSOLUTE
    ..\Drivers\STM32F1xx_HAL_Driver\Src\stm32f1xx_hal_spi.c 0x00000000   Number         0  stm32f1xx_hal_spi.o ABSOLUTE
    ..\Drivers\STM32F1xx_HAL_Driver\Src\stm32f1xx_hal_tim.c 0x00000000   Number         0  stm32f1xx_hal_tim.o ABSOLUTE
    ..\Drivers\STM32F1xx_HAL_Driver\Src\stm32f1xx_hal_tim_ex.c 0x00000000   Number         0  stm32f1xx_hal_tim_ex.o ABSOLUTE
    ..\Drivers\STM32F1xx_HAL_Driver\Src\stm32f1xx_hal_uart.c 0x00000000   Number         0  stm32f1xx_hal_uart.o ABSOLUTE
    ..\\Core\\Src\\w25qxx.c                  0x00000000   Number         0  w25qxx.o ABSOLUTE
    ..\\littlefs\\lfs_port.c                 0x00000000   Number         0  lfs_port.o ABSOLUTE
    ..\littlefs\lfs.c                        0x00000000   Number         0  lfs.o ABSOLUTE
    ..\littlefs\lfs_port.c                   0x00000000   Number         0  lfs_port.o ABSOLUTE
    ..\littlefs\lfs_util.c                   0x00000000   Number         0  lfs_util.o ABSOLUTE
    cdrcmple.s                               0x00000000   Number         0  cdrcmple.o ABSOLUTE
    dc.s                                     0x00000000   Number         0  dc.o ABSOLUTE
    handlers.s                               0x00000000   Number         0  handlers.o ABSOLUTE
    init.s                                   0x00000000   Number         0  init.o ABSOLUTE
    startup_stm32f103xb.s                    0x00000000   Number         0  startup_stm32f103xb.o ABSOLUTE
    RESET                                    0x08000000   Section      236  startup_stm32f103xb.o(RESET)
    .ARM.Collect$$$$00000000                 0x080000ec   Section        0  entry.o(.ARM.Collect$$$$00000000)
    .ARM.Collect$$$$00000001                 0x080000ec   Section        4  entry2.o(.ARM.Collect$$$$00000001)
    .ARM.Collect$$$$00000004                 0x080000f0   Section        4  entry5.o(.ARM.Collect$$$$00000004)
    .ARM.Collect$$$$00000008                 0x080000f4   Section        0  entry7b.o(.ARM.Collect$$$$00000008)
    .ARM.Collect$$$$0000000A                 0x080000f4   Section        0  entry8b.o(.ARM.Collect$$$$0000000A)
    .ARM.Collect$$$$0000000B                 0x080000f4   Section        8  entry9a.o(.ARM.Collect$$$$0000000B)
    .ARM.Collect$$$$0000000D                 0x080000fc   Section        0  entry10a.o(.ARM.Collect$$$$0000000D)
    .ARM.Collect$$$$0000000F                 0x080000fc   Section        0  entry11a.o(.ARM.Collect$$$$0000000F)
    .ARM.Collect$$$$00002712                 0x080000fc   Section        4  entry2.o(.ARM.Collect$$$$00002712)
    __lit__00000000                          0x080000fc   Data           4  entry2.o(.ARM.Collect$$$$00002712)
    .text                                    0x08000100   Section       36  startup_stm32f103xb.o(.text)
    .text                                    0x08000124   Section        0  llushr.o(.text)
    .text                                    0x08000144   Section        0  memcpya.o(.text)
    .text                                    0x08000168   Section        0  memseta.o(.text)
    .text                                    0x0800018c   Section        0  strchr.o(.text)
    .text                                    0x080001a0   Section        0  strlen.o(.text)
    .text                                    0x080001ae   Section        0  memcmp.o(.text)
    .text                                    0x080001c8   Section        0  strspn.o(.text)
    .text                                    0x080001e4   Section        0  strcspn.o(.text)
    .text                                    0x08000206   Section        0  uldiv.o(.text)
    .text                                    0x08000268   Section       36  init.o(.text)
    .text                                    0x0800028c   Section        0  llshl.o(.text)
    i.BusFault_Handler                       0x080002aa   Section        0  stm32f1xx_it.o(i.BusFault_Handler)
    i.DebugMon_Handler                       0x080002ae   Section        0  stm32f1xx_it.o(i.DebugMon_Handler)
    i.Error_Handler                          0x080002b0   Section        0  main.o(i.Error_Handler)
    i.HAL_Delay                              0x080002b8   Section        0  stm32f1xx_hal.o(i.HAL_Delay)
    i.HAL_GPIO_Init                          0x080002e0   Section        0  stm32f1xx_hal_gpio.o(i.HAL_GPIO_Init)
    i.HAL_GPIO_WritePin                      0x08000600   Section        0  stm32f1xx_hal_gpio.o(i.HAL_GPIO_WritePin)
    i.HAL_GetTick                            0x0800060c   Section        0  stm32f1xx_hal.o(i.HAL_GetTick)
    i.HAL_IncTick                            0x08000618   Section        0  stm32f1xx_hal.o(i.HAL_IncTick)
    i.HAL_Init                               0x08000630   Section        0  stm32f1xx_hal.o(i.HAL_Init)
    i.HAL_InitTick                           0x08000658   Section        0  stm32f1xx_hal.o(i.HAL_InitTick)
    i.HAL_MspInit                            0x080006a4   Section        0  stm32f1xx_hal_msp.o(i.HAL_MspInit)
    i.HAL_NVIC_SetPriority                   0x080006f8   Section        0  stm32f1xx_hal_cortex.o(i.HAL_NVIC_SetPriority)
    i.HAL_NVIC_SetPriorityGrouping           0x08000774   Section        0  stm32f1xx_hal_cortex.o(i.HAL_NVIC_SetPriorityGrouping)
    i.HAL_RCC_ClockConfig                    0x0800079c   Section        0  stm32f1xx_hal_rcc.o(i.HAL_RCC_ClockConfig)
    i.HAL_RCC_GetHCLKFreq                    0x08000928   Section        0  stm32f1xx_hal_rcc.o(i.HAL_RCC_GetHCLKFreq)
    i.HAL_RCC_GetPCLK1Freq                   0x08000934   Section        0  stm32f1xx_hal_rcc.o(i.HAL_RCC_GetPCLK1Freq)
    i.HAL_RCC_GetPCLK2Freq                   0x08000954   Section        0  stm32f1xx_hal_rcc.o(i.HAL_RCC_GetPCLK2Freq)
    i.HAL_RCC_GetSysClockFreq                0x08000974   Section        0  stm32f1xx_hal_rcc.o(i.HAL_RCC_GetSysClockFreq)
    i.HAL_RCC_OscConfig                      0x08000a08   Section        0  stm32f1xx_hal_rcc.o(i.HAL_RCC_OscConfig)
    i.HAL_SPI_Init                           0x08000e6c   Section        0  stm32f1xx_hal_spi.o(i.HAL_SPI_Init)
    i.HAL_SPI_MspInit                        0x08000f2c   Section        0  spi.o(i.HAL_SPI_MspInit)
    i.HAL_SPI_TransmitReceive                0x08000fb0   Section        0  stm32f1xx_hal_spi.o(i.HAL_SPI_TransmitReceive)
    i.HAL_SYSTICK_Config                     0x080011da   Section        0  stm32f1xx_hal_cortex.o(i.HAL_SYSTICK_Config)
    i.HAL_UART_Init                          0x0800120e   Section        0  stm32f1xx_hal_uart.o(i.HAL_UART_Init)
    i.HAL_UART_MspInit                       0x08001280   Section        0  usart.o(i.HAL_UART_MspInit)
    i.HAL_UART_Transmit                      0x08001308   Section        0  stm32f1xx_hal_uart.o(i.HAL_UART_Transmit)
    i.HardFault_Handler                      0x080013da   Section        0  stm32f1xx_it.o(i.HardFault_Handler)
    i.MX_GPIO_Init                           0x080013e0   Section        0  gpio.o(i.MX_GPIO_Init)
    i.MX_SPI1_Init                           0x08001454   Section        0  spi.o(i.MX_SPI1_Init)
    i.MX_USART1_UART_Init                    0x08001498   Section        0  usart.o(i.MX_USART1_UART_Init)
    i.MemManage_Handler                      0x080014d0   Section        0  stm32f1xx_it.o(i.MemManage_Handler)
    i.NMI_Handler                            0x080014d4   Section        0  stm32f1xx_it.o(i.NMI_Handler)
    i.PendSV_Handler                         0x080014d8   Section        0  stm32f1xx_it.o(i.PendSV_Handler)
    i.RCC_Delay                              0x080014dc   Section        0  stm32f1xx_hal_rcc.o(i.RCC_Delay)
    RCC_Delay                                0x080014dd   Thumb Code    36  stm32f1xx_hal_rcc.o(i.RCC_Delay)
    i.SPI_EndRxTxTransaction                 0x08001504   Section        0  stm32f1xx_hal_spi.o(i.SPI_EndRxTxTransaction)
    SPI_EndRxTxTransaction                   0x08001505   Thumb Code    40  stm32f1xx_hal_spi.o(i.SPI_EndRxTxTransaction)
    i.SPI_WaitFlagStateUntilTimeout          0x0800152c   Section        0  stm32f1xx_hal_spi.o(i.SPI_WaitFlagStateUntilTimeout)
    SPI_WaitFlagStateUntilTimeout            0x0800152d   Thumb Code   210  stm32f1xx_hal_spi.o(i.SPI_WaitFlagStateUntilTimeout)
    i.SVC_Handler                            0x08001604   Section        0  stm32f1xx_it.o(i.SVC_Handler)
    i.SysTick_Handler                        0x08001606   Section        0  stm32f1xx_it.o(i.SysTick_Handler)
    i.SystemClock_Config                     0x0800160e   Section        0  main.o(i.SystemClock_Config)
    i.SystemInit                             0x08001674   Section        0  system_stm32f1xx.o(i.SystemInit)
    i.UART_SetConfig                         0x08001678   Section        0  stm32f1xx_hal_uart.o(i.UART_SetConfig)
    UART_SetConfig                           0x08001679   Thumb Code   248  stm32f1xx_hal_uart.o(i.UART_SetConfig)
    i.UART_WaitOnFlagUntilTimeout            0x08001774   Section        0  stm32f1xx_hal_uart.o(i.UART_WaitOnFlagUntilTimeout)
    UART_WaitOnFlagUntilTimeout              0x08001775   Thumb Code   108  stm32f1xx_hal_uart.o(i.UART_WaitOnFlagUntilTimeout)
    i.UsageFault_Handler                     0x080017e0   Section        0  stm32f1xx_it.o(i.UsageFault_Handler)
    i.W25QXX_Erase_Sector                    0x080017e4   Section        0  w25qxx.o(i.W25QXX_Erase_Sector)
    i.W25QXX_Init                            0x0800182c   Section        0  w25qxx.o(i.W25QXX_Init)
    i.W25QXX_Read                            0x08001888   Section        0  w25qxx.o(i.W25QXX_Read)
    i.W25QXX_ReadCapacity                    0x080018e0   Section        0  w25qxx.o(i.W25QXX_ReadCapacity)
    i.W25QXX_ReadID                          0x0800193c   Section        0  w25qxx.o(i.W25QXX_ReadID)
    i.W25QXX_ReadSR                          0x08001988   Section        0  w25qxx.o(i.W25QXX_ReadSR)
    i.W25QXX_ReadUniqueID                    0x080019b8   Section        0  w25qxx.o(i.W25QXX_ReadUniqueID)
    i.W25QXX_SPI_ReadWriteByte               0x08001a08   Section        0  w25qxx.o(i.W25QXX_SPI_ReadWriteByte)
    W25QXX_SPI_ReadWriteByte                 0x08001a09   Thumb Code    36  w25qxx.o(i.W25QXX_SPI_ReadWriteByte)
    i.W25QXX_Wait_Busy                       0x08001a30   Section        0  w25qxx.o(i.W25QXX_Wait_Busy)
    i.W25QXX_Write_Enable                    0x08001a44   Section        0  w25qxx.o(i.W25QXX_Write_Enable)
    i.W25QXX_Write_NoCheck                   0x08001a68   Section        0  w25qxx.o(i.W25QXX_Write_NoCheck)
    i.W25QXX_Write_Page                      0x08001ab0   Section        0  w25qxx.o(i.W25QXX_Write_Page)
    i.__0printf$8                            0x08001b0c   Section        0  printf8.o(i.__0printf$8)
    i.__ARM_pop                              0x08001b2c   Section        0  lfs.o(i.__ARM_pop)
    i.__NVIC_GetPriorityGrouping             0x08001b5c   Section        0  stm32f1xx_hal_cortex.o(i.__NVIC_GetPriorityGrouping)
    __NVIC_GetPriorityGrouping               0x08001b5d   Thumb Code    10  stm32f1xx_hal_cortex.o(i.__NVIC_GetPriorityGrouping)
    i.__NVIC_SetPriority                     0x08001b6c   Section        0  stm32f1xx_hal_cortex.o(i.__NVIC_SetPriority)
    __NVIC_SetPriority                       0x08001b6d   Thumb Code    32  stm32f1xx_hal_cortex.o(i.__NVIC_SetPriority)
    i.__scatterload_copy                     0x08001b94   Section       14  handlers.o(i.__scatterload_copy)
    i.__scatterload_null                     0x08001ba2   Section        2  handlers.o(i.__scatterload_null)
    i.__scatterload_zeroinit                 0x08001ba4   Section       14  handlers.o(i.__scatterload_zeroinit)
    i._printf_core                           0x08001bb4   Section        0  printf8.o(i._printf_core)
    _printf_core                             0x08001bb5   Thumb Code   996  printf8.o(i._printf_core)
    i._printf_post_padding                   0x08001fc4   Section        0  printf8.o(i._printf_post_padding)
    _printf_post_padding                     0x08001fc5   Thumb Code    36  printf8.o(i._printf_post_padding)
    i._printf_pre_padding                    0x08001fe8   Section        0  printf8.o(i._printf_pre_padding)
    _printf_pre_padding                      0x08001fe9   Thumb Code    46  printf8.o(i._printf_pre_padding)
    i.fputc                                  0x08002018   Section        0  main.o(i.fputc)
    i.lfs_aligndown                          0x08002034   Section        0  lfs.o(i.lfs_aligndown)
    lfs_aligndown                            0x08002035   Thumb Code    14  lfs.o(i.lfs_aligndown)
    i.lfs_alignup                            0x08002042   Section        0  lfs.o(i.lfs_alignup)
    lfs_alignup                              0x08002043   Thumb Code    18  lfs.o(i.lfs_alignup)
    i.lfs_alloc                              0x08002054   Section        0  lfs.o(i.lfs_alloc)
    lfs_alloc                                0x08002055   Thumb Code   236  lfs.o(i.lfs_alloc)
    i.lfs_alloc_ack                          0x08002184   Section        0  lfs.o(i.lfs_alloc_ack)
    lfs_alloc_ack                            0x08002185   Thumb Code     8  lfs.o(i.lfs_alloc_ack)
    i.lfs_alloc_drop                         0x0800218c   Section        0  lfs.o(i.lfs_alloc_drop)
    lfs_alloc_drop                           0x0800218d   Thumb Code    18  lfs.o(i.lfs_alloc_drop)
    i.lfs_alloc_lookahead                    0x0800219e   Section        0  lfs.o(i.lfs_alloc_lookahead)
    lfs_alloc_lookahead                      0x0800219f   Thumb Code    66  lfs.o(i.lfs_alloc_lookahead)
    i.lfs_bd_cmp                             0x080021e0   Section        0  lfs.o(i.lfs_bd_cmp)
    lfs_bd_cmp                               0x080021e1   Thumb Code   116  lfs.o(i.lfs_bd_cmp)
    i.lfs_bd_erase                           0x08002254   Section        0  lfs.o(i.lfs_bd_erase)
    lfs_bd_erase                             0x08002255   Thumb Code    20  lfs.o(i.lfs_bd_erase)
    i.lfs_bd_flush                           0x08002268   Section        0  lfs.o(i.lfs_bd_flush)
    lfs_bd_flush                             0x08002269   Thumb Code   152  lfs.o(i.lfs_bd_flush)
    i.lfs_bd_prog                            0x08002300   Section        0  lfs.o(i.lfs_bd_prog)
    lfs_bd_prog                              0x08002301   Thumb Code   174  lfs.o(i.lfs_bd_prog)
    i.lfs_bd_read                            0x080023ae   Section        0  lfs.o(i.lfs_bd_read)
    lfs_bd_read                              0x080023af   Thumb Code   402  lfs.o(i.lfs_bd_read)
    i.lfs_bd_sync                            0x08002540   Section        0  lfs.o(i.lfs_bd_sync)
    lfs_bd_sync                              0x08002541   Thumb Code    54  lfs.o(i.lfs_bd_sync)
    i.lfs_cache_drop                         0x08002576   Section        0  lfs.o(i.lfs_cache_drop)
    lfs_cache_drop                           0x08002577   Thumb Code     8  lfs.o(i.lfs_cache_drop)
    i.lfs_cache_zero                         0x0800257e   Section        0  lfs.o(i.lfs_cache_zero)
    lfs_cache_zero                           0x0800257f   Thumb Code    26  lfs.o(i.lfs_cache_zero)
    i.lfs_crc                                0x08002598   Section        0  lfs_util.o(i.lfs_crc)
    i.lfs_ctz                                0x080025d4   Section        0  lfs.o(i.lfs_ctz)
    lfs_ctz                                  0x080025d5   Thumb Code    18  lfs.o(i.lfs_ctz)
    i.lfs_ctz_extend                         0x080025e8   Section        0  lfs.o(i.lfs_ctz_extend)
    lfs_ctz_extend                           0x080025e9   Thumb Code   396  lfs.o(i.lfs_ctz_extend)
    i.lfs_ctz_find                           0x080027b0   Section        0  lfs.o(i.lfs_ctz_find)
    lfs_ctz_find                             0x080027b1   Thumb Code   166  lfs.o(i.lfs_ctz_find)
    i.lfs_ctz_fromle32                       0x08002856   Section        0  lfs.o(i.lfs_ctz_fromle32)
    lfs_ctz_fromle32                         0x08002857   Thumb Code    22  lfs.o(i.lfs_ctz_fromle32)
    i.lfs_ctz_index                          0x0800286c   Section        0  lfs.o(i.lfs_ctz_index)
    lfs_ctz_index                            0x0800286d   Thumb Code    72  lfs.o(i.lfs_ctz_index)
    i.lfs_ctz_tole32                         0x080028b4   Section        0  lfs.o(i.lfs_ctz_tole32)
    lfs_ctz_tole32                           0x080028b5   Thumb Code    22  lfs.o(i.lfs_ctz_tole32)
    i.lfs_ctz_traverse                       0x080028ca   Section        0  lfs.o(i.lfs_ctz_traverse)
    lfs_ctz_traverse                         0x080028cb   Thumb Code   170  lfs.o(i.lfs_ctz_traverse)
    i.lfs_deinit                             0x08002974   Section        0  lfs.o(i.lfs_deinit)
    lfs_deinit                               0x08002975   Thumb Code    42  lfs.o(i.lfs_deinit)
    i.lfs_deskio_erase                       0x0800299e   Section        0  lfs_port.o(i.lfs_deskio_erase)
    lfs_deskio_erase                         0x0800299f   Thumb Code    16  lfs_port.o(i.lfs_deskio_erase)
    i.lfs_deskio_prog                        0x080029ae   Section        0  lfs_port.o(i.lfs_deskio_prog)
    lfs_deskio_prog                          0x080029af   Thumb Code    38  lfs_port.o(i.lfs_deskio_prog)
    i.lfs_deskio_read                        0x080029d4   Section        0  lfs_port.o(i.lfs_deskio_read)
    lfs_deskio_read                          0x080029d5   Thumb Code    38  lfs_port.o(i.lfs_deskio_read)
    i.lfs_deskio_sync                        0x080029fa   Section        0  lfs_port.o(i.lfs_deskio_sync)
    lfs_deskio_sync                          0x080029fb   Thumb Code     6  lfs_port.o(i.lfs_deskio_sync)
    i.lfs_dir_alloc                          0x08002a00   Section        0  lfs.o(i.lfs_dir_alloc)
    lfs_dir_alloc                            0x08002a01   Thumb Code   170  lfs.o(i.lfs_dir_alloc)
    i.lfs_dir_commit                         0x08002aac   Section        0  lfs.o(i.lfs_dir_commit)
    lfs_dir_commit                           0x08002aad   Thumb Code  1006  lfs.o(i.lfs_dir_commit)
    i.lfs_dir_commit_commit                  0x08002eac   Section        0  lfs.o(i.lfs_dir_commit_commit)
    lfs_dir_commit_commit                    0x08002ead   Thumb Code    28  lfs.o(i.lfs_dir_commit_commit)
    i.lfs_dir_commit_size                    0x08002ec8   Section        0  lfs.o(i.lfs_dir_commit_size)
    lfs_dir_commit_size                      0x08002ec9   Thumb Code    30  lfs.o(i.lfs_dir_commit_size)
    i.lfs_dir_commitattr                     0x08002ee6   Section        0  lfs.o(i.lfs_dir_commitattr)
    lfs_dir_commitattr                       0x08002ee7   Thumb Code   200  lfs.o(i.lfs_dir_commitattr)
    i.lfs_dir_commitcrc                      0x08002fb0   Section        0  lfs.o(i.lfs_dir_commitcrc)
    lfs_dir_commitcrc                        0x08002fb1   Thumb Code   474  lfs.o(i.lfs_dir_commitcrc)
    i.lfs_dir_commitprog                     0x08003190   Section        0  lfs.o(i.lfs_dir_commitprog)
    lfs_dir_commitprog                       0x08003191   Thumb Code    74  lfs.o(i.lfs_dir_commitprog)
    i.lfs_dir_compact                        0x080031dc   Section        0  lfs.o(i.lfs_dir_compact)
    lfs_dir_compact                          0x080031dd   Thumb Code   998  lfs.o(i.lfs_dir_compact)
    i.lfs_dir_drop                           0x080036bc   Section        0  lfs.o(i.lfs_dir_drop)
    lfs_dir_drop                             0x080036bd   Thumb Code    96  lfs.o(i.lfs_dir_drop)
    i.lfs_dir_fetch                          0x08003720   Section        0  lfs.o(i.lfs_dir_fetch)
    lfs_dir_fetch                            0x08003721   Thumb Code    34  lfs.o(i.lfs_dir_fetch)
    i.lfs_dir_fetchmatch                     0x08003744   Section        0  lfs.o(i.lfs_dir_fetchmatch)
    lfs_dir_fetchmatch                       0x08003745   Thumb Code  1226  lfs.o(i.lfs_dir_fetchmatch)
    i.lfs_dir_find                           0x08003c6c   Section        0  lfs.o(i.lfs_dir_find)
    lfs_dir_find                             0x08003c6d   Thumb Code   386  lfs.o(i.lfs_dir_find)
    i.lfs_dir_find_match                     0x08003e08   Section        0  lfs.o(i.lfs_dir_find_match)
    lfs_dir_find_match                       0x08003e09   Thumb Code   114  lfs.o(i.lfs_dir_find_match)
    i.lfs_dir_get                            0x08003e7a   Section        0  lfs.o(i.lfs_dir_get)
    lfs_dir_get                              0x08003e7b   Thumb Code    46  lfs.o(i.lfs_dir_get)
    i.lfs_dir_getgstate                      0x08003ea8   Section        0  lfs.o(i.lfs_dir_getgstate)
    lfs_dir_getgstate                        0x08003ea9   Thumb Code    90  lfs.o(i.lfs_dir_getgstate)
    i.lfs_dir_getread                        0x08003f08   Section        0  lfs.o(i.lfs_dir_getread)
    lfs_dir_getread                          0x08003f09   Thumb Code   302  lfs.o(i.lfs_dir_getread)
    i.lfs_dir_getslice                       0x08004038   Section        0  lfs.o(i.lfs_dir_getslice)
    lfs_dir_getslice                         0x08004039   Thumb Code   336  lfs.o(i.lfs_dir_getslice)
    i.lfs_dir_split                          0x08004190   Section        0  lfs.o(i.lfs_dir_split)
    lfs_dir_split                            0x08004191   Thumb Code   128  lfs.o(i.lfs_dir_split)
    i.lfs_dir_traverse                       0x08004210   Section        0  lfs.o(i.lfs_dir_traverse)
    lfs_dir_traverse                         0x08004211   Thumb Code   504  lfs.o(i.lfs_dir_traverse)
    i.lfs_dir_traverse_filter                0x08004414   Section        0  lfs.o(i.lfs_dir_traverse_filter)
    lfs_dir_traverse_filter                  0x08004415   Thumb Code   124  lfs.o(i.lfs_dir_traverse_filter)
    i.lfs_file_close                         0x080044a0   Section        0  lfs.o(i.lfs_file_close)
    i.lfs_file_flush                         0x080044bc   Section        0  lfs.o(i.lfs_file_flush)
    lfs_file_flush                           0x080044bd   Thumb Code   300  lfs.o(i.lfs_file_flush)
    i.lfs_file_open                          0x08004628   Section        0  lfs.o(i.lfs_file_open)
    i.lfs_file_outline                       0x08004650   Section        0  lfs.o(i.lfs_file_outline)
    lfs_file_outline                         0x08004651   Thumb Code    44  lfs.o(i.lfs_file_outline)
    i.lfs_file_rawclose                      0x0800467c   Section        0  lfs.o(i.lfs_file_rawclose)
    lfs_file_rawclose                        0x0800467d   Thumb Code    40  lfs.o(i.lfs_file_rawclose)
    i.lfs_file_rawopen                       0x080046a4   Section        0  lfs.o(i.lfs_file_rawopen)
    lfs_file_rawopen                         0x080046a5   Thumb Code    36  lfs.o(i.lfs_file_rawopen)
    i.lfs_file_rawopencfg                    0x080046cc   Section        0  lfs.o(i.lfs_file_rawopencfg)
    lfs_file_rawopencfg                      0x080046cd   Thumb Code   676  lfs.o(i.lfs_file_rawopencfg)
    i.lfs_file_rawread                       0x08004984   Section        0  lfs.o(i.lfs_file_rawread)
    lfs_file_rawread                         0x08004985   Thumb Code   318  lfs.o(i.lfs_file_rawread)
    i.lfs_file_rawrewind                     0x08004acc   Section        0  lfs.o(i.lfs_file_rawrewind)
    lfs_file_rawrewind                       0x08004acd   Thumb Code    32  lfs.o(i.lfs_file_rawrewind)
    i.lfs_file_rawseek                       0x08004aec   Section        0  lfs.o(i.lfs_file_rawseek)
    lfs_file_rawseek                         0x08004aed   Thumb Code    96  lfs.o(i.lfs_file_rawseek)
    i.lfs_file_rawsize                       0x08004b4c   Section        0  lfs.o(i.lfs_file_rawsize)
    lfs_file_rawsize                         0x08004b4d   Thumb Code    28  lfs.o(i.lfs_file_rawsize)
    i.lfs_file_rawsync                       0x08004b68   Section        0  lfs.o(i.lfs_file_rawsync)
    lfs_file_rawsync                         0x08004b69   Thumb Code   200  lfs.o(i.lfs_file_rawsync)
    i.lfs_file_rawwrite                      0x08004c30   Section        0  lfs.o(i.lfs_file_rawwrite)
    lfs_file_rawwrite                        0x08004c31   Thumb Code   578  lfs.o(i.lfs_file_rawwrite)
    i.lfs_file_read                          0x08004e72   Section        0  lfs.o(i.lfs_file_read)
    i.lfs_file_relocate                      0x08004e9c   Section        0  lfs.o(i.lfs_file_relocate)
    lfs_file_relocate                        0x08004e9d   Thumb Code   290  lfs.o(i.lfs_file_relocate)
    i.lfs_file_rewind                        0x08005004   Section        0  lfs.o(i.lfs_file_rewind)
    i.lfs_file_write                         0x08005020   Section        0  lfs.o(i.lfs_file_write)
    i.lfs_format                             0x08005048   Section        0  lfs.o(i.lfs_format)
    i.lfs_frombe32                           0x08005064   Section        0  lfs.o(i.lfs_frombe32)
    lfs_frombe32                             0x08005065   Thumb Code    32  lfs.o(i.lfs_frombe32)
    i.lfs_fromle32                           0x08005084   Section        0  lfs.o(i.lfs_fromle32)
    lfs_fromle32                             0x08005085   Thumb Code    32  lfs.o(i.lfs_fromle32)
    i.lfs_fs_demove                          0x080050a4   Section        0  lfs.o(i.lfs_fs_demove)
    lfs_fs_demove                            0x080050a5   Thumb Code   132  lfs.o(i.lfs_fs_demove)
    i.lfs_fs_deorphan                        0x08005174   Section        0  lfs.o(i.lfs_fs_deorphan)
    lfs_fs_deorphan                          0x08005175   Thumb Code   338  lfs.o(i.lfs_fs_deorphan)
    i.lfs_fs_forceconsistency                0x08005354   Section        0  lfs.o(i.lfs_fs_forceconsistency)
    lfs_fs_forceconsistency                  0x08005355   Thumb Code    36  lfs.o(i.lfs_fs_forceconsistency)
    i.lfs_fs_parent                          0x08005378   Section        0  lfs.o(i.lfs_fs_parent)
    lfs_fs_parent                            0x08005379   Thumb Code   120  lfs.o(i.lfs_fs_parent)
    i.lfs_fs_parent_match                    0x080053fc   Section        0  lfs.o(i.lfs_fs_parent_match)
    lfs_fs_parent_match                      0x080053fd   Thumb Code    88  lfs.o(i.lfs_fs_parent_match)
    i.lfs_fs_pred                            0x08005454   Section        0  lfs.o(i.lfs_fs_pred)
    lfs_fs_pred                              0x08005455   Thumb Code    98  lfs.o(i.lfs_fs_pred)
    i.lfs_fs_prepmove                        0x080054b8   Section        0  lfs.o(i.lfs_fs_prepmove)
    lfs_fs_prepmove                          0x080054b9   Thumb Code    64  lfs.o(i.lfs_fs_prepmove)
    i.lfs_fs_preporphans                     0x08005500   Section        0  lfs.o(i.lfs_fs_preporphans)
    lfs_fs_preporphans                       0x08005501   Thumb Code    32  lfs.o(i.lfs_fs_preporphans)
    i.lfs_fs_rawsize                         0x08005520   Section        0  lfs.o(i.lfs_fs_rawsize)
    lfs_fs_rawsize                           0x08005521   Thumb Code    32  lfs.o(i.lfs_fs_rawsize)
    i.lfs_fs_rawtraverse                     0x08005544   Section        0  lfs.o(i.lfs_fs_rawtraverse)
    lfs_fs_rawtraverse                       0x08005545   Thumb Code   412  lfs.o(i.lfs_fs_rawtraverse)
    i.lfs_fs_relocate                        0x080056e8   Section        0  lfs.o(i.lfs_fs_relocate)
    lfs_fs_relocate                          0x080056e9   Thumb Code   502  lfs.o(i.lfs_fs_relocate)
    i.lfs_fs_size_count                      0x08005940   Section        0  lfs.o(i.lfs_fs_size_count)
    lfs_fs_size_count                        0x08005941   Thumb Code    16  lfs.o(i.lfs_fs_size_count)
    i.lfs_gstate_hasmove                     0x08005950   Section        0  lfs.o(i.lfs_gstate_hasmove)
    lfs_gstate_hasmove                       0x08005951   Thumb Code    20  lfs.o(i.lfs_gstate_hasmove)
    i.lfs_gstate_hasmovehere                 0x08005964   Section        0  lfs.o(i.lfs_gstate_hasmovehere)
    lfs_gstate_hasmovehere                   0x08005965   Thumb Code    32  lfs.o(i.lfs_gstate_hasmovehere)
    i.lfs_gstate_hasorphans                  0x08005984   Section        0  lfs.o(i.lfs_gstate_hasorphans)
    lfs_gstate_hasorphans                    0x08005985   Thumb Code    20  lfs.o(i.lfs_gstate_hasorphans)
    i.lfs_gstate_iszero                      0x08005998   Section        0  lfs.o(i.lfs_gstate_iszero)
    lfs_gstate_iszero                        0x08005999   Thumb Code    26  lfs.o(i.lfs_gstate_iszero)
    i.lfs_gstate_tole32                      0x080059b2   Section        0  lfs.o(i.lfs_gstate_tole32)
    lfs_gstate_tole32                        0x080059b3   Thumb Code    30  lfs.o(i.lfs_gstate_tole32)
    i.lfs_gstate_xor                         0x080059d0   Section        0  lfs.o(i.lfs_gstate_xor)
    lfs_gstate_xor                           0x080059d1   Thumb Code    30  lfs.o(i.lfs_gstate_xor)
    i.lfs_init                               0x080059f0   Section        0  lfs.o(i.lfs_init)
    lfs_init                                 0x080059f1   Thumb Code   278  lfs.o(i.lfs_init)
    i.lfs_max                                0x08005b18   Section        0  lfs.o(i.lfs_max)
    lfs_max                                  0x08005b19   Thumb Code    14  lfs.o(i.lfs_max)
    i.lfs_min                                0x08005b26   Section        0  lfs.o(i.lfs_min)
    lfs_min                                  0x08005b27   Thumb Code    14  lfs.o(i.lfs_min)
    i.lfs_mlist_append                       0x08005b34   Section        0  lfs.o(i.lfs_mlist_append)
    lfs_mlist_append                         0x08005b35   Thumb Code     8  lfs.o(i.lfs_mlist_append)
    i.lfs_mlist_remove                       0x08005b3c   Section        0  lfs.o(i.lfs_mlist_remove)
    lfs_mlist_remove                         0x08005b3d   Thumb Code    34  lfs.o(i.lfs_mlist_remove)
    i.lfs_mount                              0x08005b5e   Section        0  lfs.o(i.lfs_mount)
    i.lfs_npw2                               0x08005b7a   Section        0  lfs.o(i.lfs_npw2)
    lfs_npw2                                 0x08005b7b   Thumb Code    14  lfs.o(i.lfs_npw2)
    i.lfs_pair_cmp                           0x08005b88   Section        0  lfs.o(i.lfs_pair_cmp)
    lfs_pair_cmp                             0x08005b89   Thumb Code    42  lfs.o(i.lfs_pair_cmp)
    i.lfs_pair_fromle32                      0x08005bb2   Section        0  lfs.o(i.lfs_pair_fromle32)
    lfs_pair_fromle32                        0x08005bb3   Thumb Code    22  lfs.o(i.lfs_pair_fromle32)
    i.lfs_pair_isnull                        0x08005bc8   Section        0  lfs.o(i.lfs_pair_isnull)
    lfs_pair_isnull                          0x08005bc9   Thumb Code    22  lfs.o(i.lfs_pair_isnull)
    i.lfs_pair_swap                          0x08005bde   Section        0  lfs.o(i.lfs_pair_swap)
    lfs_pair_swap                            0x08005bdf   Thumb Code    10  lfs.o(i.lfs_pair_swap)
    i.lfs_pair_tole32                        0x08005be8   Section        0  lfs.o(i.lfs_pair_tole32)
    lfs_pair_tole32                          0x08005be9   Thumb Code    22  lfs.o(i.lfs_pair_tole32)
    i.lfs_popc                               0x08005bfe   Section        0  lfs.o(i.lfs_popc)
    lfs_popc                                 0x08005bff   Thumb Code    12  lfs.o(i.lfs_popc)
    i.lfs_rawformat                          0x08005c0c   Section        0  lfs.o(i.lfs_rawformat)
    lfs_rawformat                            0x08005c0d   Thumb Code   216  lfs.o(i.lfs_rawformat)
    i.lfs_rawmount                           0x08005ce8   Section        0  lfs.o(i.lfs_rawmount)
    lfs_rawmount                             0x08005ce9   Thumb Code   504  lfs.o(i.lfs_rawmount)
    i.lfs_rawunmount                         0x08005ff8   Section        0  lfs.o(i.lfs_rawunmount)
    lfs_rawunmount                           0x08005ff9   Thumb Code    12  lfs.o(i.lfs_rawunmount)
    i.lfs_superblock_fromle32                0x08006004   Section        0  lfs.o(i.lfs_superblock_fromle32)
    lfs_superblock_fromle32                  0x08006005   Thumb Code    54  lfs.o(i.lfs_superblock_fromle32)
    i.lfs_superblock_tole32                  0x0800603a   Section        0  lfs.o(i.lfs_superblock_tole32)
    lfs_superblock_tole32                    0x0800603b   Thumb Code    54  lfs.o(i.lfs_superblock_tole32)
    i.lfs_tag_chunk                          0x08006070   Section        0  lfs.o(i.lfs_tag_chunk)
    lfs_tag_chunk                            0x08006071   Thumb Code     8  lfs.o(i.lfs_tag_chunk)
    i.lfs_tag_dsize                          0x08006078   Section        0  lfs.o(i.lfs_tag_dsize)
    lfs_tag_dsize                            0x08006079   Thumb Code    22  lfs.o(i.lfs_tag_dsize)
    i.lfs_tag_id                             0x0800608e   Section        0  lfs.o(i.lfs_tag_id)
    lfs_tag_id                               0x0800608f   Thumb Code     8  lfs.o(i.lfs_tag_id)
    i.lfs_tag_isdelete                       0x08006096   Section        0  lfs.o(i.lfs_tag_isdelete)
    lfs_tag_isdelete                         0x08006097   Thumb Code    18  lfs.o(i.lfs_tag_isdelete)
    i.lfs_tag_isvalid                        0x080060a8   Section        0  lfs.o(i.lfs_tag_isvalid)
    lfs_tag_isvalid                          0x080060a9   Thumb Code    18  lfs.o(i.lfs_tag_isvalid)
    i.lfs_tag_size                           0x080060ba   Section        0  lfs.o(i.lfs_tag_size)
    lfs_tag_size                             0x080060bb   Thumb Code     8  lfs.o(i.lfs_tag_size)
    i.lfs_tag_splice                         0x080060c2   Section        0  lfs.o(i.lfs_tag_splice)
    lfs_tag_splice                           0x080060c3   Thumb Code    14  lfs.o(i.lfs_tag_splice)
    i.lfs_tag_type1                          0x080060d0   Section        0  lfs.o(i.lfs_tag_type1)
    lfs_tag_type1                            0x080060d1   Thumb Code    10  lfs.o(i.lfs_tag_type1)
    i.lfs_tag_type3                          0x080060da   Section        0  lfs.o(i.lfs_tag_type3)
    lfs_tag_type3                            0x080060db   Thumb Code     8  lfs.o(i.lfs_tag_type3)
    i.lfs_test                               0x080060e4   Section        0  lfs_port.o(i.lfs_test)
    i.lfs_tobe32                             0x0800617c   Section        0  lfs.o(i.lfs_tobe32)
    lfs_tobe32                               0x0800617d   Thumb Code    12  lfs.o(i.lfs_tobe32)
    i.lfs_tole32                             0x08006188   Section        0  lfs.o(i.lfs_tole32)
    lfs_tole32                               0x08006189   Thumb Code    12  lfs.o(i.lfs_tole32)
    i.lfs_unmount                            0x08006194   Section        0  lfs.o(i.lfs_unmount)
    i.main                                   0x080061ac   Section        0  main.o(i.main)
    .constdata                               0x080062b0   Section       24  system_stm32f1xx.o(.constdata)
    .constdata                               0x080062c8   Section      416  lfs.o(.constdata)
    <Data1>                                  0x080062d0   Data          12  lfs.o(.constdata)
    <Data2>                                  0x08006304   Data          12  lfs.o(.constdata)
    defaults                                 0x08006338   Data          12  lfs.o(.constdata)
    <Data3>                                  0x08006398   Data          12  lfs.o(.constdata)
    <Data4>                                  0x080063a4   Data          12  lfs.o(.constdata)
    <Data5>                                  0x080063b0   Data          12  lfs.o(.constdata)
    .constdata                               0x08006468   Section       64  lfs_util.o(.constdata)
    rtable                                   0x08006468   Data          64  lfs_util.o(.constdata)
    .constdata                               0x080064a8   Section       76  lfs_port.o(.constdata)
    .conststring                             0x080064f4   Section        9  lfs.o(.conststring)
    .data                                    0x20000000   Section       16  w25qxx.o(.data)
    .data                                    0x20000010   Section        9  stm32f1xx_hal.o(.data)
    .data                                    0x2000001c   Section        4  system_stm32f1xx.o(.data)
    .data                                    0x20000020   Section        4  stdout.o(.data)
    .bss                                     0x20000024   Section       88  spi.o(.bss)
    .bss                                     0x2000007c   Section       68  usart.o(.bss)
    .bss                                     0x200000c0   Section       64  lfs.o(.bss)
    mem                                      0x200000c0   Data          64  lfs.o(.bss)
    .bss                                     0x20000100   Section      252  lfs_port.o(.bss)
    read_buffer                              0x20000100   Data          16  lfs_port.o(.bss)
    prog_buffer                              0x20000110   Data          16  lfs_port.o(.bss)
    lookahead_buffer                         0x20000120   Data          16  lfs_port.o(.bss)
    STACK                                    0x20000200   Section     1024  startup_stm32f103xb.o(STACK)

    Global Symbols

    Symbol Name                              Value     Ov Type        Size  Object(Section)

    BuildAttributes$$THM_ISAv4$P$D$K$B$S$PE$A:L22UL41UL21$X:L11$S22US41US21$IEEE1$IW$USESV6$~STKCKD$USESV7$~SHL$OSPACE$ROPI$EBA8$MICROLIB$REQ8$PRES8$EABIv2 0x00000000   Number         0  anon$$obj.o ABSOLUTE
    __ARM_use_no_argv                        0x00000000   Number         0  main.o ABSOLUTE
    _printf_a                                0x00000000   Number         0  stubs.o ABSOLUTE
    _printf_c                                0x00000000   Number         0  stubs.o ABSOLUTE
    _printf_charcount                        0x00000000   Number         0  stubs.o ABSOLUTE
    _printf_d                                0x00000000   Number         0  stubs.o ABSOLUTE
    _printf_e                                0x00000000   Number         0  stubs.o ABSOLUTE
    _printf_f                                0x00000000   Number         0  stubs.o ABSOLUTE
    _printf_flags                            0x00000000   Number         0  stubs.o ABSOLUTE
    _printf_fp_dec                           0x00000000   Number         0  stubs.o ABSOLUTE
    _printf_fp_hex                           0x00000000   Number         0  stubs.o ABSOLUTE
    _printf_g                                0x00000000   Number         0  stubs.o ABSOLUTE
    _printf_i                                0x00000000   Number         0  stubs.o ABSOLUTE
    _printf_int_dec                          0x00000000   Number         0  stubs.o ABSOLUTE
    _printf_l                                0x00000000   Number         0  stubs.o ABSOLUTE
    _printf_lc                               0x00000000   Number         0  stubs.o ABSOLUTE
    _printf_ll                               0x00000000   Number         0  stubs.o ABSOLUTE
    _printf_lld                              0x00000000   Number         0  stubs.o ABSOLUTE
    _printf_lli                              0x00000000   Number         0  stubs.o ABSOLUTE
    _printf_llo                              0x00000000   Number         0  stubs.o ABSOLUTE
    _printf_llu                              0x00000000   Number         0  stubs.o ABSOLUTE
    _printf_llx                              0x00000000   Number         0  stubs.o ABSOLUTE
    _printf_longlong_dec                     0x00000000   Number         0  stubs.o ABSOLUTE
    _printf_longlong_hex                     0x00000000   Number         0  stubs.o ABSOLUTE
    _printf_longlong_oct                     0x00000000   Number         0  stubs.o ABSOLUTE
    _printf_ls                               0x00000000   Number         0  stubs.o ABSOLUTE
    _printf_mbtowc                           0x00000000   Number         0  stubs.o ABSOLUTE
    _printf_n                                0x00000000   Number         0  stubs.o ABSOLUTE
    _printf_o                                0x00000000   Number         0  stubs.o ABSOLUTE
    _printf_p                                0x00000000   Number         0  stubs.o ABSOLUTE
    _printf_percent                          0x00000000   Number         0  stubs.o ABSOLUTE
    _printf_pre_padding                      0x00000000   Number         0  stubs.o ABSOLUTE
    _printf_return_value                     0x00000000   Number         0  stubs.o ABSOLUTE
    _printf_s                                0x00000000   Number         0  stubs.o ABSOLUTE
    _printf_sizespec                         0x00000000   Number         0  stubs.o ABSOLUTE
    _printf_str                              0x00000000   Number         0  stubs.o ABSOLUTE
    _printf_truncate_signed                  0x00000000   Number         0  stubs.o ABSOLUTE
    _printf_truncate_unsigned                0x00000000   Number         0  stubs.o ABSOLUTE
    _printf_u                                0x00000000   Number         0  stubs.o ABSOLUTE
    _printf_wc                               0x00000000   Number         0  stubs.o ABSOLUTE
    _printf_wctomb                           0x00000000   Number         0  stubs.o ABSOLUTE
    _printf_widthprec                        0x00000000   Number         0  stubs.o ABSOLUTE
    _printf_x                                0x00000000   Number         0  stubs.o ABSOLUTE
    __cpp_initialize__aeabi_                  - Undefined Weak Reference
    __cxa_finalize                            - Undefined Weak Reference
    __decompress                              - Undefined Weak Reference
    _clock_init                               - Undefined Weak Reference
    _microlib_exit                            - Undefined Weak Reference
    __Vectors_Size                           0x000000ec   Number         0  startup_stm32f103xb.o ABSOLUTE
    __Vectors                                0x08000000   Data           4  startup_stm32f103xb.o(RESET)
    __Vectors_End                            0x080000ec   Data           0  startup_stm32f103xb.o(RESET)
    __main                                   0x080000ed   Thumb Code     0  entry.o(.ARM.Collect$$$$00000000)
    _main_stk                                0x080000ed   Thumb Code     0  entry2.o(.ARM.Collect$$$$00000001)
    _main_scatterload                        0x080000f1   Thumb Code     0  entry5.o(.ARM.Collect$$$$00000004)
    __main_after_scatterload                 0x080000f5   Thumb Code     0  entry5.o(.ARM.Collect$$$$00000004)
    _main_clock                              0x080000f5   Thumb Code     0  entry7b.o(.ARM.Collect$$$$00000008)
    _main_cpp_init                           0x080000f5   Thumb Code     0  entry8b.o(.ARM.Collect$$$$0000000A)
    _main_init                               0x080000f5   Thumb Code     0  entry9a.o(.ARM.Collect$$$$0000000B)
    __rt_final_cpp                           0x080000fd   Thumb Code     0  entry10a.o(.ARM.Collect$$$$0000000D)
    __rt_final_exit                          0x080000fd   Thumb Code     0  entry11a.o(.ARM.Collect$$$$0000000F)
    Reset_Handler                            0x08000101   Thumb Code     8  startup_stm32f103xb.o(.text)
    ADC1_2_IRQHandler                        0x0800011b   Thumb Code     0  startup_stm32f103xb.o(.text)
    CAN1_RX1_IRQHandler                      0x0800011b   Thumb Code     0  startup_stm32f103xb.o(.text)
    CAN1_SCE_IRQHandler                      0x0800011b   Thumb Code     0  startup_stm32f103xb.o(.text)
    DMA1_Channel1_IRQHandler                 0x0800011b   Thumb Code     0  startup_stm32f103xb.o(.text)
    DMA1_Channel2_IRQHandler                 0x0800011b   Thumb Code     0  startup_stm32f103xb.o(.text)
    DMA1_Channel3_IRQHandler                 0x0800011b   Thumb Code     0  startup_stm32f103xb.o(.text)
    DMA1_Channel4_IRQHandler                 0x0800011b   Thumb Code     0  startup_stm32f103xb.o(.text)
    DMA1_Channel5_IRQHandler                 0x0800011b   Thumb Code     0  startup_stm32f103xb.o(.text)
    DMA1_Channel6_IRQHandler                 0x0800011b   Thumb Code     0  startup_stm32f103xb.o(.text)
    DMA1_Channel7_IRQHandler                 0x0800011b   Thumb Code     0  startup_stm32f103xb.o(.text)
    EXTI0_IRQHandler                         0x0800011b   Thumb Code     0  startup_stm32f103xb.o(.text)
    EXTI15_10_IRQHandler                     0x0800011b   Thumb Code     0  startup_stm32f103xb.o(.text)
    EXTI1_IRQHandler                         0x0800011b   Thumb Code     0  startup_stm32f103xb.o(.text)
    EXTI2_IRQHandler                         0x0800011b   Thumb Code     0  startup_stm32f103xb.o(.text)
    EXTI3_IRQHandler                         0x0800011b   Thumb Code     0  startup_stm32f103xb.o(.text)
    EXTI4_IRQHandler                         0x0800011b   Thumb Code     0  startup_stm32f103xb.o(.text)
    EXTI9_5_IRQHandler                       0x0800011b   Thumb Code     0  startup_stm32f103xb.o(.text)
    FLASH_IRQHandler                         0x0800011b   Thumb Code     0  startup_stm32f103xb.o(.text)
    I2C1_ER_IRQHandler                       0x0800011b   Thumb Code     0  startup_stm32f103xb.o(.text)
    I2C1_EV_IRQHandler                       0x0800011b   Thumb Code     0  startup_stm32f103xb.o(.text)
    I2C2_ER_IRQHandler                       0x0800011b   Thumb Code     0  startup_stm32f103xb.o(.text)
    I2C2_EV_IRQHandler                       0x0800011b   Thumb Code     0  startup_stm32f103xb.o(.text)
    PVD_IRQHandler                           0x0800011b   Thumb Code     0  startup_stm32f103xb.o(.text)
    RCC_IRQHandler                           0x0800011b   Thumb Code     0  startup_stm32f103xb.o(.text)
    RTC_Alarm_IRQHandler                     0x0800011b   Thumb Code     0  startup_stm32f103xb.o(.text)
    RTC_IRQHandler                           0x0800011b   Thumb Code     0  startup_stm32f103xb.o(.text)
    SPI1_IRQHandler                          0x0800011b   Thumb Code     0  startup_stm32f103xb.o(.text)
    SPI2_IRQHandler                          0x0800011b   Thumb Code     0  startup_stm32f103xb.o(.text)
    TAMPER_IRQHandler                        0x0800011b   Thumb Code     0  startup_stm32f103xb.o(.text)
    TIM1_BRK_IRQHandler                      0x0800011b   Thumb Code     0  startup_stm32f103xb.o(.text)
    TIM1_CC_IRQHandler                       0x0800011b   Thumb Code     0  startup_stm32f103xb.o(.text)
    TIM1_TRG_COM_IRQHandler                  0x0800011b   Thumb Code     0  startup_stm32f103xb.o(.text)
    TIM1_UP_IRQHandler                       0x0800011b   Thumb Code     0  startup_stm32f103xb.o(.text)
    TIM2_IRQHandler                          0x0800011b   Thumb Code     0  startup_stm32f103xb.o(.text)
    TIM3_IRQHandler                          0x0800011b   Thumb Code     0  startup_stm32f103xb.o(.text)
    TIM4_IRQHandler                          0x0800011b   Thumb Code     0  startup_stm32f103xb.o(.text)
    USART1_IRQHandler                        0x0800011b   Thumb Code     0  startup_stm32f103xb.o(.text)
    USART2_IRQHandler                        0x0800011b   Thumb Code     0  startup_stm32f103xb.o(.text)
    USART3_IRQHandler                        0x0800011b   Thumb Code     0  startup_stm32f103xb.o(.text)
    USBWakeUp_IRQHandler                     0x0800011b   Thumb Code     0  startup_stm32f103xb.o(.text)
    USB_HP_CAN1_TX_IRQHandler                0x0800011b   Thumb Code     0  startup_stm32f103xb.o(.text)
    USB_LP_CAN1_RX0_IRQHandler               0x0800011b   Thumb Code     0  startup_stm32f103xb.o(.text)
    WWDG_IRQHandler                          0x0800011b   Thumb Code     0  startup_stm32f103xb.o(.text)
    __aeabi_llsr                             0x08000125   Thumb Code    32  llushr.o(.text)
    _ll_ushift_r                             0x08000125   Thumb Code     0  llushr.o(.text)
    __aeabi_memcpy                           0x08000145   Thumb Code    36  memcpya.o(.text)
    __aeabi_memcpy4                          0x08000145   Thumb Code     0  memcpya.o(.text)
    __aeabi_memcpy8                          0x08000145   Thumb Code     0  memcpya.o(.text)
    __aeabi_memset                           0x08000169   Thumb Code    14  memseta.o(.text)
    __aeabi_memset4                          0x08000169   Thumb Code     0  memseta.o(.text)
    __aeabi_memset8                          0x08000169   Thumb Code     0  memseta.o(.text)
    __aeabi_memclr                           0x08000177   Thumb Code     4  memseta.o(.text)
    __aeabi_memclr4                          0x08000177   Thumb Code     0  memseta.o(.text)
    __aeabi_memclr8                          0x08000177   Thumb Code     0  memseta.o(.text)
    _memset$wrapper                          0x0800017b   Thumb Code    18  memseta.o(.text)
    strchr                                   0x0800018d   Thumb Code    20  strchr.o(.text)
    strlen                                   0x080001a1   Thumb Code    14  strlen.o(.text)
    memcmp                                   0x080001af   Thumb Code    26  memcmp.o(.text)
    strspn                                   0x080001c9   Thumb Code    28  strspn.o(.text)
    strcspn                                  0x080001e5   Thumb Code    34  strcspn.o(.text)
    __aeabi_uldivmod                         0x08000207   Thumb Code    98  uldiv.o(.text)
    __scatterload                            0x08000269   Thumb Code    28  init.o(.text)
    __scatterload_rt2                        0x08000269   Thumb Code     0  init.o(.text)
    __aeabi_llsl                             0x0800028d   Thumb Code    30  llshl.o(.text)
    _ll_shift_l                              0x0800028d   Thumb Code     0  llshl.o(.text)
    BusFault_Handler                         0x080002ab   Thumb Code     4  stm32f1xx_it.o(i.BusFault_Handler)
    DebugMon_Handler                         0x080002af   Thumb Code     2  stm32f1xx_it.o(i.DebugMon_Handler)
    Error_Handler                            0x080002b1   Thumb Code     6  main.o(i.Error_Handler)
    HAL_Delay                                0x080002b9   Thumb Code    36  stm32f1xx_hal.o(i.HAL_Delay)
    HAL_GPIO_Init                            0x080002e1   Thumb Code   766  stm32f1xx_hal_gpio.o(i.HAL_GPIO_Init)
    HAL_GPIO_WritePin                        0x08000601   Thumb Code    12  stm32f1xx_hal_gpio.o(i.HAL_GPIO_WritePin)
    HAL_GetTick                              0x0800060d   Thumb Code     6  stm32f1xx_hal.o(i.HAL_GetTick)
    HAL_IncTick                              0x08000619   Thumb Code    16  stm32f1xx_hal.o(i.HAL_IncTick)
    HAL_Init                                 0x08000631   Thumb Code    34  stm32f1xx_hal.o(i.HAL_Init)
    HAL_InitTick                             0x08000659   Thumb Code    64  stm32f1xx_hal.o(i.HAL_InitTick)
    HAL_MspInit                              0x080006a5   Thumb Code    76  stm32f1xx_hal_msp.o(i.HAL_MspInit)
    HAL_NVIC_SetPriority                     0x080006f9   Thumb Code   124  stm32f1xx_hal_cortex.o(i.HAL_NVIC_SetPriority)
    HAL_NVIC_SetPriorityGrouping             0x08000775   Thumb Code    32  stm32f1xx_hal_cortex.o(i.HAL_NVIC_SetPriorityGrouping)
    HAL_RCC_ClockConfig                      0x0800079d   Thumb Code   376  stm32f1xx_hal_rcc.o(i.HAL_RCC_ClockConfig)
    HAL_RCC_GetHCLKFreq                      0x08000929   Thumb Code     6  stm32f1xx_hal_rcc.o(i.HAL_RCC_GetHCLKFreq)
    HAL_RCC_GetPCLK1Freq                     0x08000935   Thumb Code    22  stm32f1xx_hal_rcc.o(i.HAL_RCC_GetPCLK1Freq)
    HAL_RCC_GetPCLK2Freq                     0x08000955   Thumb Code    22  stm32f1xx_hal_rcc.o(i.HAL_RCC_GetPCLK2Freq)
    HAL_RCC_GetSysClockFreq                  0x08000975   Thumb Code   116  stm32f1xx_hal_rcc.o(i.HAL_RCC_GetSysClockFreq)
    HAL_RCC_OscConfig                        0x08000a09   Thumb Code  1114  stm32f1xx_hal_rcc.o(i.HAL_RCC_OscConfig)
    HAL_SPI_Init                             0x08000e6d   Thumb Code   190  stm32f1xx_hal_spi.o(i.HAL_SPI_Init)
    HAL_SPI_MspInit                          0x08000f2d   Thumb Code   120  spi.o(i.HAL_SPI_MspInit)
    HAL_SPI_TransmitReceive                  0x08000fb1   Thumb Code   554  stm32f1xx_hal_spi.o(i.HAL_SPI_TransmitReceive)
    HAL_SYSTICK_Config                       0x080011db   Thumb Code    52  stm32f1xx_hal_cortex.o(i.HAL_SYSTICK_Config)
    HAL_UART_Init                            0x0800120f   Thumb Code   114  stm32f1xx_hal_uart.o(i.HAL_UART_Init)
    HAL_UART_MspInit                         0x08001281   Thumb Code   122  usart.o(i.HAL_UART_MspInit)
    HAL_UART_Transmit                        0x08001309   Thumb Code   210  stm32f1xx_hal_uart.o(i.HAL_UART_Transmit)
    HardFault_Handler                        0x080013db   Thumb Code     4  stm32f1xx_it.o(i.HardFault_Handler)
    MX_GPIO_Init                             0x080013e1   Thumb Code   106  gpio.o(i.MX_GPIO_Init)
    MX_SPI1_Init                             0x08001455   Thumb Code    60  spi.o(i.MX_SPI1_Init)
    MX_USART1_UART_Init                      0x08001499   Thumb Code    46  usart.o(i.MX_USART1_UART_Init)
    MemManage_Handler                        0x080014d1   Thumb Code     4  stm32f1xx_it.o(i.MemManage_Handler)
    NMI_Handler                              0x080014d5   Thumb Code     4  stm32f1xx_it.o(i.NMI_Handler)
    PendSV_Handler                           0x080014d9   Thumb Code     2  stm32f1xx_it.o(i.PendSV_Handler)
    SVC_Handler                              0x08001605   Thumb Code     2  stm32f1xx_it.o(i.SVC_Handler)
    SysTick_Handler                          0x08001607   Thumb Code     8  stm32f1xx_it.o(i.SysTick_Handler)
    SystemClock_Config                       0x0800160f   Thumb Code   102  main.o(i.SystemClock_Config)
    SystemInit                               0x08001675   Thumb Code     2  system_stm32f1xx.o(i.SystemInit)
    UsageFault_Handler                       0x080017e1   Thumb Code     4  stm32f1xx_it.o(i.UsageFault_Handler)
    W25QXX_Erase_Sector                      0x080017e5   Thumb Code    68  w25qxx.o(i.W25QXX_Erase_Sector)
    W25QXX_Init                              0x0800182d   Thumb Code    74  w25qxx.o(i.W25QXX_Init)
    W25QXX_Read                              0x08001889   Thumb Code    82  w25qxx.o(i.W25QXX_Read)
    W25QXX_ReadCapacity                      0x080018e1   Thumb Code    86  w25qxx.o(i.W25QXX_ReadCapacity)
    W25QXX_ReadID                            0x0800193d   Thumb Code    70  w25qxx.o(i.W25QXX_ReadID)
    W25QXX_ReadSR                            0x08001989   Thumb Code    42  w25qxx.o(i.W25QXX_ReadSR)
    W25QXX_ReadUniqueID                      0x080019b9   Thumb Code    76  w25qxx.o(i.W25QXX_ReadUniqueID)
    W25QXX_Wait_Busy                         0x08001a31   Thumb Code    18  w25qxx.o(i.W25QXX_Wait_Busy)
    W25QXX_Write_Enable                      0x08001a45   Thumb Code    30  w25qxx.o(i.W25QXX_Write_Enable)
    W25QXX_Write_NoCheck                     0x08001a69   Thumb Code    70  w25qxx.o(i.W25QXX_Write_NoCheck)
    W25QXX_Write_Page                        0x08001ab1   Thumb Code    88  w25qxx.o(i.W25QXX_Write_Page)
    __0printf$8                              0x08001b0d   Thumb Code    22  printf8.o(i.__0printf$8)
    __1printf$8                              0x08001b0d   Thumb Code     0  printf8.o(i.__0printf$8)
    __2printf                                0x08001b0d   Thumb Code     0  printf8.o(i.__0printf$8)
    __ARM_pop                                0x08001b2d   Thumb Code    48  lfs.o(i.__ARM_pop)
    __scatterload_copy                       0x08001b95   Thumb Code    14  handlers.o(i.__scatterload_copy)
    __scatterload_null                       0x08001ba3   Thumb Code     2  handlers.o(i.__scatterload_null)
    __scatterload_zeroinit                   0x08001ba5   Thumb Code    14  handlers.o(i.__scatterload_zeroinit)
    fputc                                    0x08002019   Thumb Code    22  main.o(i.fputc)
    lfs_crc                                  0x08002599   Thumb Code    54  lfs_util.o(i.lfs_crc)
    lfs_file_close                           0x080044a1   Thumb Code    28  lfs.o(i.lfs_file_close)
    lfs_file_open                            0x08004629   Thumb Code    40  lfs.o(i.lfs_file_open)
    lfs_file_read                            0x08004e73   Thumb Code    40  lfs.o(i.lfs_file_read)
    lfs_file_rewind                          0x08005005   Thumb Code    28  lfs.o(i.lfs_file_rewind)
    lfs_file_write                           0x08005021   Thumb Code    40  lfs.o(i.lfs_file_write)
    lfs_format                               0x08005049   Thumb Code    28  lfs.o(i.lfs_format)
    lfs_mount                                0x08005b5f   Thumb Code    28  lfs.o(i.lfs_mount)
    lfs_test                                 0x080060e5   Thumb Code   110  lfs_port.o(i.lfs_test)
    lfs_unmount                              0x08006195   Thumb Code    24  lfs.o(i.lfs_unmount)
    main                                     0x080061ad   Thumb Code    88  main.o(i.main)
    AHBPrescTable                            0x080062b0   Data          16  system_stm32f1xx.o(.constdata)
    APBPrescTable                            0x080062c0   Data           8  system_stm32f1xx.o(.constdata)
    cfg                                      0x080064a8   Data          76  lfs_port.o(.constdata)
    Region$$Table$$Base                      0x08006500   Number         0  anon$$obj.o(Region$$Table)
    Region$$Table$$Limit                     0x08006520   Number         0  anon$$obj.o(Region$$Table)
    W25QXX_TYPE                              0x20000000   Data           2  w25qxx.o(.data)
    W25QXX_SIZE                              0x20000004   Data           4  w25qxx.o(.data)
    W25QXX_UID                               0x20000008   Data           8  w25qxx.o(.data)
    uwTick                                   0x20000010   Data           4  stm32f1xx_hal.o(.data)
    uwTickPrio                               0x20000014   Data           4  stm32f1xx_hal.o(.data)
    uwTickFreq                               0x20000018   Data           1  stm32f1xx_hal.o(.data)
    SystemCoreClock                          0x2000001c   Data           4  system_stm32f1xx.o(.data)
    __stdout                                 0x20000020   Data           4  stdout.o(.data)
    hspi1                                    0x20000024   Data          88  spi.o(.bss)
    huart1                                   0x2000007c   Data          68  usart.o(.bss)
    lfs_w25qxx                               0x20000130   Data         120  lfs_port.o(.bss)
    lfs_file_w25qxx                          0x200001a8   Data          84  lfs_port.o(.bss)
    __initial_sp                             0x20000600   Data           0  startup_stm32f103xb.o(STACK)



==============================================================================

Memory Map of the image

  Image Entry point : 0x080000ed

  Load Region LR_IROM1 (Base: 0x08000000, Size: 0x00006544, Max: 0x00020000, ABSOLUTE)

    Execution Region ER_IROM1 (Exec base: 0x08000000, Load base: 0x08000000, Size: 0x00006520, Max: 0x00020000, ABSOLUTE)

    Exec Addr    Load Addr    Size         Type   Attr      Idx    E Section Name        Object

    0x08000000   0x08000000   0x000000ec   Data   RO            3    RESET               startup_stm32f103xb.o
    0x080000ec   0x080000ec   0x00000000   Code   RO         3179  * .ARM.Collect$$$$00000000  mc_w.l(entry.o)
    0x080000ec   0x080000ec   0x00000004   Code   RO         3463    .ARM.Collect$$$$00000001  mc_w.l(entry2.o)
    0x080000f0   0x080000f0   0x00000004   Code   RO         3466    .ARM.Collect$$$$00000004  mc_w.l(entry5.o)
    0x080000f4   0x080000f4   0x00000000   Code   RO         3468    .ARM.Collect$$$$00000008  mc_w.l(entry7b.o)
    0x080000f4   0x080000f4   0x00000000   Code   RO         3470    .ARM.Collect$$$$0000000A  mc_w.l(entry8b.o)
    0x080000f4   0x080000f4   0x00000008   Code   RO         3471    .ARM.Collect$$$$0000000B  mc_w.l(entry9a.o)
    0x080000fc   0x080000fc   0x00000000   Code   RO         3473    .ARM.Collect$$$$0000000D  mc_w.l(entry10a.o)
    0x080000fc   0x080000fc   0x00000000   Code   RO         3475    .ARM.Collect$$$$0000000F  mc_w.l(entry11a.o)
    0x080000fc   0x080000fc   0x00000004   Code   RO         3464    .ARM.Collect$$$$00002712  mc_w.l(entry2.o)
    0x08000100   0x08000100   0x00000024   Code   RO            4    .text               startup_stm32f103xb.o
    0x08000124   0x08000124   0x00000020   Code   RO         3182    .text               mc_w.l(llushr.o)
    0x08000144   0x08000144   0x00000024   Code   RO         3184    .text               mc_w.l(memcpya.o)
    0x08000168   0x08000168   0x00000024   Code   RO         3186    .text               mc_w.l(memseta.o)
    0x0800018c   0x0800018c   0x00000014   Code   RO         3188    .text               mc_w.l(strchr.o)
    0x080001a0   0x080001a0   0x0000000e   Code   RO         3190    .text               mc_w.l(strlen.o)
    0x080001ae   0x080001ae   0x0000001a   Code   RO         3192    .text               mc_w.l(memcmp.o)
    0x080001c8   0x080001c8   0x0000001c   Code   RO         3196    .text               mc_w.l(strspn.o)
    0x080001e4   0x080001e4   0x00000022   Code   RO         3198    .text               mc_w.l(strcspn.o)
    0x08000206   0x08000206   0x00000062   Code   RO         3480    .text               mc_w.l(uldiv.o)
    0x08000268   0x08000268   0x00000024   Code   RO         3493    .text               mc_w.l(init.o)
    0x0800028c   0x0800028c   0x0000001e   Code   RO         3495    .text               mc_w.l(llshl.o)
    0x080002aa   0x080002aa   0x00000004   Code   RO          273    i.BusFault_Handler  stm32f1xx_it.o
    0x080002ae   0x080002ae   0x00000002   Code   RO          274    i.DebugMon_Handler  stm32f1xx_it.o
    0x080002b0   0x080002b0   0x00000006   Code   RO           13    i.Error_Handler     main.o
    0x080002b6   0x080002b6   0x00000002   PAD
    0x080002b8   0x080002b8   0x00000028   Code   RO          874    i.HAL_Delay         stm32f1xx_hal.o
    0x080002e0   0x080002e0   0x00000320   Code   RO         1187    i.HAL_GPIO_Init     stm32f1xx_hal_gpio.o
    0x08000600   0x08000600   0x0000000c   Code   RO         1191    i.HAL_GPIO_WritePin  stm32f1xx_hal_gpio.o
    0x0800060c   0x0800060c   0x0000000c   Code   RO          878    i.HAL_GetTick       stm32f1xx_hal.o
    0x08000618   0x08000618   0x00000018   Code   RO          884    i.HAL_IncTick       stm32f1xx_hal.o
    0x08000630   0x08000630   0x00000028   Code   RO          885    i.HAL_Init          stm32f1xx_hal.o
    0x08000658   0x08000658   0x0000004c   Code   RO          886    i.HAL_InitTick      stm32f1xx_hal.o
    0x080006a4   0x080006a4   0x00000054   Code   RO          348    i.HAL_MspInit       stm32f1xx_hal_msp.o
    0x080006f8   0x080006f8   0x0000007c   Code   RO         1353    i.HAL_NVIC_SetPriority  stm32f1xx_hal_cortex.o
    0x08000774   0x08000774   0x00000028   Code   RO         1354    i.HAL_NVIC_SetPriorityGrouping  stm32f1xx_hal_cortex.o
    0x0800079c   0x0800079c   0x0000018c   Code   RO         1042    i.HAL_RCC_ClockConfig  stm32f1xx_hal_rcc.o
    0x08000928   0x08000928   0x0000000c   Code   RO         1047    i.HAL_RCC_GetHCLKFreq  stm32f1xx_hal_rcc.o
    0x08000934   0x08000934   0x00000020   Code   RO         1049    i.HAL_RCC_GetPCLK1Freq  stm32f1xx_hal_rcc.o
    0x08000954   0x08000954   0x00000020   Code   RO         1050    i.HAL_RCC_GetPCLK2Freq  stm32f1xx_hal_rcc.o
    0x08000974   0x08000974   0x00000094   Code   RO         1051    i.HAL_RCC_GetSysClockFreq  stm32f1xx_hal_rcc.o
    0x08000a08   0x08000a08   0x00000464   Code   RO         1054    i.HAL_RCC_OscConfig  stm32f1xx_hal_rcc.o
    0x08000e6c   0x08000e6c   0x000000be   Code   RO          556    i.HAL_SPI_Init      stm32f1xx_hal_spi.o
    0x08000f2a   0x08000f2a   0x00000002   PAD
    0x08000f2c   0x08000f2c   0x00000084   Code   RO          190    i.HAL_SPI_MspInit   spi.o
    0x08000fb0   0x08000fb0   0x0000022a   Code   RO          565    i.HAL_SPI_TransmitReceive  stm32f1xx_hal_spi.o
    0x080011da   0x080011da   0x00000034   Code   RO         1358    i.HAL_SYSTICK_Config  stm32f1xx_hal_cortex.o
    0x0800120e   0x0800120e   0x00000072   Code   RO         1938    i.HAL_UART_Init     stm32f1xx_hal_uart.o
    0x08001280   0x08001280   0x00000088   Code   RO          232    i.HAL_UART_MspInit  usart.o
    0x08001308   0x08001308   0x000000d2   Code   RO         1946    i.HAL_UART_Transmit  stm32f1xx_hal_uart.o
    0x080013da   0x080013da   0x00000004   Code   RO          275    i.HardFault_Handler  stm32f1xx_it.o
    0x080013de   0x080013de   0x00000002   PAD
    0x080013e0   0x080013e0   0x00000074   Code   RO          165    i.MX_GPIO_Init      gpio.o
    0x08001454   0x08001454   0x00000044   Code   RO          191    i.MX_SPI1_Init      spi.o
    0x08001498   0x08001498   0x00000038   Code   RO          233    i.MX_USART1_UART_Init  usart.o
    0x080014d0   0x080014d0   0x00000004   Code   RO          276    i.MemManage_Handler  stm32f1xx_it.o
    0x080014d4   0x080014d4   0x00000004   Code   RO          277    i.NMI_Handler       stm32f1xx_it.o
    0x080014d8   0x080014d8   0x00000002   Code   RO          278    i.PendSV_Handler    stm32f1xx_it.o
    0x080014da   0x080014da   0x00000002   PAD
    0x080014dc   0x080014dc   0x00000028   Code   RO         1055    i.RCC_Delay         stm32f1xx_hal_rcc.o
    0x08001504   0x08001504   0x00000028   Code   RO          594    i.SPI_EndRxTxTransaction  stm32f1xx_hal_spi.o
    0x0800152c   0x0800152c   0x000000d8   Code   RO          599    i.SPI_WaitFlagStateUntilTimeout  stm32f1xx_hal_spi.o
    0x08001604   0x08001604   0x00000002   Code   RO          279    i.SVC_Handler       stm32f1xx_it.o
    0x08001606   0x08001606   0x00000008   Code   RO          280    i.SysTick_Handler   stm32f1xx_it.o
    0x0800160e   0x0800160e   0x00000066   Code   RO           14    i.SystemClock_Config  main.o
    0x08001674   0x08001674   0x00000002   Code   RO         2277    i.SystemInit        system_stm32f1xx.o
    0x08001676   0x08001676   0x00000002   PAD
    0x08001678   0x08001678   0x000000fc   Code   RO         1965    i.UART_SetConfig    stm32f1xx_hal_uart.o
    0x08001774   0x08001774   0x0000006c   Code   RO         1969    i.UART_WaitOnFlagUntilTimeout  stm32f1xx_hal_uart.o
    0x080017e0   0x080017e0   0x00000004   Code   RO          281    i.UsageFault_Handler  stm32f1xx_it.o
    0x080017e4   0x080017e4   0x00000048   Code   RO          373    i.W25QXX_Erase_Sector  w25qxx.o
    0x0800182c   0x0800182c   0x0000005c   Code   RO          374    i.W25QXX_Init       w25qxx.o
    0x08001888   0x08001888   0x00000058   Code   RO          376    i.W25QXX_Read       w25qxx.o
    0x080018e0   0x080018e0   0x0000005c   Code   RO          377    i.W25QXX_ReadCapacity  w25qxx.o
    0x0800193c   0x0800193c   0x0000004c   Code   RO          378    i.W25QXX_ReadID     w25qxx.o
    0x08001988   0x08001988   0x00000030   Code   RO          379    i.W25QXX_ReadSR     w25qxx.o
    0x080019b8   0x080019b8   0x00000050   Code   RO          380    i.W25QXX_ReadUniqueID  w25qxx.o
    0x08001a08   0x08001a08   0x00000028   Code   RO          381    i.W25QXX_SPI_ReadWriteByte  w25qxx.o
    0x08001a30   0x08001a30   0x00000012   Code   RO          383    i.W25QXX_Wait_Busy  w25qxx.o
    0x08001a42   0x08001a42   0x00000002   PAD
    0x08001a44   0x08001a44   0x00000024   Code   RO          386    i.W25QXX_Write_Enable  w25qxx.o
    0x08001a68   0x08001a68   0x00000046   Code   RO          387    i.W25QXX_Write_NoCheck  w25qxx.o
    0x08001aae   0x08001aae   0x00000002   PAD
    0x08001ab0   0x08001ab0   0x0000005c   Code   RO          388    i.W25QXX_Write_Page  w25qxx.o
    0x08001b0c   0x08001b0c   0x00000020   Code   RO         3409    i.__0printf$8       mc_w.l(printf8.o)
    0x08001b2c   0x08001b2c   0x00000030   Code   RO         3085    i.__ARM_pop         lfs.o
    0x08001b5c   0x08001b5c   0x00000010   Code   RO         1360    i.__NVIC_GetPriorityGrouping  stm32f1xx_hal_cortex.o
    0x08001b6c   0x08001b6c   0x00000028   Code   RO         1361    i.__NVIC_SetPriority  stm32f1xx_hal_cortex.o
    0x08001b94   0x08001b94   0x0000000e   Code   RO         3503    i.__scatterload_copy  mc_w.l(handlers.o)
    0x08001ba2   0x08001ba2   0x00000002   Code   RO         3504    i.__scatterload_null  mc_w.l(handlers.o)
    0x08001ba4   0x08001ba4   0x0000000e   Code   RO         3505    i.__scatterload_zeroinit  mc_w.l(handlers.o)
    0x08001bb2   0x08001bb2   0x00000002   PAD
    0x08001bb4   0x08001bb4   0x00000410   Code   RO         3416    i._printf_core      mc_w.l(printf8.o)
    0x08001fc4   0x08001fc4   0x00000024   Code   RO         3417    i._printf_post_padding  mc_w.l(printf8.o)
    0x08001fe8   0x08001fe8   0x0000002e   Code   RO         3418    i._printf_pre_padding  mc_w.l(printf8.o)
    0x08002016   0x08002016   0x00000002   PAD
    0x08002018   0x08002018   0x0000001c   Code   RO           15    i.fputc             main.o
    0x08002034   0x08002034   0x0000000e   Code   RO         2310    i.lfs_aligndown     lfs.o
    0x08002042   0x08002042   0x00000012   Code   RO         2311    i.lfs_alignup       lfs.o
    0x08002054   0x08002054   0x00000130   Code   RO         2312    i.lfs_alloc         lfs.o
    0x08002184   0x08002184   0x00000008   Code   RO         2313    i.lfs_alloc_ack     lfs.o
    0x0800218c   0x0800218c   0x00000012   Code   RO         2314    i.lfs_alloc_drop    lfs.o
    0x0800219e   0x0800219e   0x00000042   Code   RO         2315    i.lfs_alloc_lookahead  lfs.o
    0x080021e0   0x080021e0   0x00000074   Code   RO         2316    i.lfs_bd_cmp        lfs.o
    0x08002254   0x08002254   0x00000014   Code   RO         2317    i.lfs_bd_erase      lfs.o
    0x08002268   0x08002268   0x00000098   Code   RO         2318    i.lfs_bd_flush      lfs.o
    0x08002300   0x08002300   0x000000ae   Code   RO         2319    i.lfs_bd_prog       lfs.o
    0x080023ae   0x080023ae   0x00000192   Code   RO         2320    i.lfs_bd_read       lfs.o
    0x08002540   0x08002540   0x00000036   Code   RO         2321    i.lfs_bd_sync       lfs.o
    0x08002576   0x08002576   0x00000008   Code   RO         2322    i.lfs_cache_drop    lfs.o
    0x0800257e   0x0800257e   0x0000001a   Code   RO         2323    i.lfs_cache_zero    lfs.o
    0x08002598   0x08002598   0x0000003c   Code   RO         3109    i.lfs_crc           lfs_util.o
    0x080025d4   0x080025d4   0x00000012   Code   RO         2325    i.lfs_ctz           lfs.o
    0x080025e6   0x080025e6   0x00000002   PAD
    0x080025e8   0x080025e8   0x000001c8   Code   RO         2326    i.lfs_ctz_extend    lfs.o
    0x080027b0   0x080027b0   0x000000a6   Code   RO         2327    i.lfs_ctz_find      lfs.o
    0x08002856   0x08002856   0x00000016   Code   RO         2328    i.lfs_ctz_fromle32  lfs.o
    0x0800286c   0x0800286c   0x00000048   Code   RO         2329    i.lfs_ctz_index     lfs.o
    0x080028b4   0x080028b4   0x00000016   Code   RO         2330    i.lfs_ctz_tole32    lfs.o
    0x080028ca   0x080028ca   0x000000aa   Code   RO         2331    i.lfs_ctz_traverse  lfs.o
    0x08002974   0x08002974   0x0000002a   Code   RO         2332    i.lfs_deinit        lfs.o
    0x0800299e   0x0800299e   0x00000010   Code   RO         3128    i.lfs_deskio_erase  lfs_port.o
    0x080029ae   0x080029ae   0x00000026   Code   RO         3129    i.lfs_deskio_prog   lfs_port.o
    0x080029d4   0x080029d4   0x00000026   Code   RO         3130    i.lfs_deskio_read   lfs_port.o
    0x080029fa   0x080029fa   0x00000006   Code   RO         3131    i.lfs_deskio_sync   lfs_port.o
    0x08002a00   0x08002a00   0x000000aa   Code   RO         2333    i.lfs_dir_alloc     lfs.o
    0x08002aaa   0x08002aaa   0x00000002   PAD
    0x08002aac   0x08002aac   0x00000400   Code   RO         2335    i.lfs_dir_commit    lfs.o
    0x08002eac   0x08002eac   0x0000001c   Code   RO         2336    i.lfs_dir_commit_commit  lfs.o
    0x08002ec8   0x08002ec8   0x0000001e   Code   RO         2337    i.lfs_dir_commit_size  lfs.o
    0x08002ee6   0x08002ee6   0x000000c8   Code   RO         2338    i.lfs_dir_commitattr  lfs.o
    0x08002fae   0x08002fae   0x00000002   PAD
    0x08002fb0   0x08002fb0   0x000001e0   Code   RO         2339    i.lfs_dir_commitcrc  lfs.o
    0x08003190   0x08003190   0x0000004a   Code   RO         2340    i.lfs_dir_commitprog  lfs.o
    0x080031da   0x080031da   0x00000002   PAD
    0x080031dc   0x080031dc   0x000004e0   Code   RO         2341    i.lfs_dir_compact   lfs.o
    0x080036bc   0x080036bc   0x00000064   Code   RO         2342    i.lfs_dir_drop      lfs.o
    0x08003720   0x08003720   0x00000022   Code   RO         2343    i.lfs_dir_fetch     lfs.o
    0x08003742   0x08003742   0x00000002   PAD
    0x08003744   0x08003744   0x00000528   Code   RO         2344    i.lfs_dir_fetchmatch  lfs.o
    0x08003c6c   0x08003c6c   0x0000019c   Code   RO         2345    i.lfs_dir_find      lfs.o
    0x08003e08   0x08003e08   0x00000072   Code   RO         2346    i.lfs_dir_find_match  lfs.o
    0x08003e7a   0x08003e7a   0x0000002e   Code   RO         2347    i.lfs_dir_get       lfs.o
    0x08003ea8   0x08003ea8   0x00000060   Code   RO         2348    i.lfs_dir_getgstate  lfs.o
    0x08003f08   0x08003f08   0x0000012e   Code   RO         2350    i.lfs_dir_getread   lfs.o
    0x08004036   0x08004036   0x00000002   PAD
    0x08004038   0x08004038   0x00000158   Code   RO         2351    i.lfs_dir_getslice  lfs.o
    0x08004190   0x08004190   0x00000080   Code   RO         2362    i.lfs_dir_split     lfs.o
    0x08004210   0x08004210   0x00000204   Code   RO         2364    i.lfs_dir_traverse  lfs.o
    0x08004414   0x08004414   0x0000008c   Code   RO         2365    i.lfs_dir_traverse_filter  lfs.o
    0x080044a0   0x080044a0   0x0000001c   Code   RO         2366    i.lfs_file_close    lfs.o
    0x080044bc   0x080044bc   0x0000016c   Code   RO         2367    i.lfs_file_flush    lfs.o
    0x08004628   0x08004628   0x00000028   Code   RO         2368    i.lfs_file_open     lfs.o
    0x08004650   0x08004650   0x0000002c   Code   RO         2370    i.lfs_file_outline  lfs.o
    0x0800467c   0x0800467c   0x00000028   Code   RO         2371    i.lfs_file_rawclose  lfs.o
    0x080046a4   0x080046a4   0x00000028   Code   RO         2372    i.lfs_file_rawopen  lfs.o
    0x080046cc   0x080046cc   0x000002b8   Code   RO         2373    i.lfs_file_rawopencfg  lfs.o
    0x08004984   0x08004984   0x00000148   Code   RO         2374    i.lfs_file_rawread  lfs.o
    0x08004acc   0x08004acc   0x00000020   Code   RO         2375    i.lfs_file_rawrewind  lfs.o
    0x08004aec   0x08004aec   0x00000060   Code   RO         2376    i.lfs_file_rawseek  lfs.o
    0x08004b4c   0x08004b4c   0x0000001c   Code   RO         2377    i.lfs_file_rawsize  lfs.o
    0x08004b68   0x08004b68   0x000000c8   Code   RO         2378    i.lfs_file_rawsync  lfs.o
    0x08004c30   0x08004c30   0x00000242   Code   RO         2381    i.lfs_file_rawwrite  lfs.o
    0x08004e72   0x08004e72   0x00000028   Code   RO         2382    i.lfs_file_read     lfs.o
    0x08004e9a   0x08004e9a   0x00000002   PAD
    0x08004e9c   0x08004e9c   0x00000168   Code   RO         2383    i.lfs_file_relocate  lfs.o
    0x08005004   0x08005004   0x0000001c   Code   RO         2384    i.lfs_file_rewind   lfs.o
    0x08005020   0x08005020   0x00000028   Code   RO         2390    i.lfs_file_write    lfs.o
    0x08005048   0x08005048   0x0000001c   Code   RO         2391    i.lfs_format        lfs.o
    0x08005064   0x08005064   0x00000020   Code   RO         2392    i.lfs_frombe32      lfs.o
    0x08005084   0x08005084   0x00000020   Code   RO         2393    i.lfs_fromle32      lfs.o
    0x080050a4   0x080050a4   0x000000d0   Code   RO         2394    i.lfs_fs_demove     lfs.o
    0x08005174   0x08005174   0x000001e0   Code   RO         2395    i.lfs_fs_deorphan   lfs.o
    0x08005354   0x08005354   0x00000024   Code   RO         2396    i.lfs_fs_forceconsistency  lfs.o
    0x08005378   0x08005378   0x00000084   Code   RO         2397    i.lfs_fs_parent     lfs.o
    0x080053fc   0x080053fc   0x00000058   Code   RO         2398    i.lfs_fs_parent_match  lfs.o
    0x08005454   0x08005454   0x00000062   Code   RO         2399    i.lfs_fs_pred       lfs.o
    0x080054b6   0x080054b6   0x00000002   PAD
    0x080054b8   0x080054b8   0x00000048   Code   RO         2400    i.lfs_fs_prepmove   lfs.o
    0x08005500   0x08005500   0x00000020   Code   RO         2401    i.lfs_fs_preporphans  lfs.o
    0x08005520   0x08005520   0x00000024   Code   RO         2402    i.lfs_fs_rawsize    lfs.o
    0x08005544   0x08005544   0x000001a4   Code   RO         2403    i.lfs_fs_rawtraverse  lfs.o
    0x080056e8   0x080056e8   0x00000258   Code   RO         2404    i.lfs_fs_relocate   lfs.o
    0x08005940   0x08005940   0x00000010   Code   RO         2406    i.lfs_fs_size_count  lfs.o
    0x08005950   0x08005950   0x00000014   Code   RO         2409    i.lfs_gstate_hasmove  lfs.o
    0x08005964   0x08005964   0x00000020   Code   RO         2410    i.lfs_gstate_hasmovehere  lfs.o
    0x08005984   0x08005984   0x00000014   Code   RO         2411    i.lfs_gstate_hasorphans  lfs.o
    0x08005998   0x08005998   0x0000001a   Code   RO         2412    i.lfs_gstate_iszero  lfs.o
    0x080059b2   0x080059b2   0x0000001e   Code   RO         2413    i.lfs_gstate_tole32  lfs.o
    0x080059d0   0x080059d0   0x0000001e   Code   RO         2414    i.lfs_gstate_xor    lfs.o
    0x080059ee   0x080059ee   0x00000002   PAD
    0x080059f0   0x080059f0   0x00000128   Code   RO         2415    i.lfs_init          lfs.o
    0x08005b18   0x08005b18   0x0000000e   Code   RO         2416    i.lfs_max           lfs.o
    0x08005b26   0x08005b26   0x0000000e   Code   RO         2417    i.lfs_min           lfs.o
    0x08005b34   0x08005b34   0x00000008   Code   RO         2419    i.lfs_mlist_append  lfs.o
    0x08005b3c   0x08005b3c   0x00000022   Code   RO         2420    i.lfs_mlist_remove  lfs.o
    0x08005b5e   0x08005b5e   0x0000001c   Code   RO         2421    i.lfs_mount         lfs.o
    0x08005b7a   0x08005b7a   0x0000000e   Code   RO         2422    i.lfs_npw2          lfs.o
    0x08005b88   0x08005b88   0x0000002a   Code   RO         2423    i.lfs_pair_cmp      lfs.o
    0x08005bb2   0x08005bb2   0x00000016   Code   RO         2424    i.lfs_pair_fromle32  lfs.o
    0x08005bc8   0x08005bc8   0x00000016   Code   RO         2425    i.lfs_pair_isnull   lfs.o
    0x08005bde   0x08005bde   0x0000000a   Code   RO         2426    i.lfs_pair_swap     lfs.o
    0x08005be8   0x08005be8   0x00000016   Code   RO         2427    i.lfs_pair_tole32   lfs.o
    0x08005bfe   0x08005bfe   0x0000000c   Code   RO         2428    i.lfs_popc          lfs.o
    0x08005c0a   0x08005c0a   0x00000002   PAD
    0x08005c0c   0x08005c0c   0x000000dc   Code   RO         2429    i.lfs_rawformat     lfs.o
    0x08005ce8   0x08005ce8   0x00000310   Code   RO         2432    i.lfs_rawmount      lfs.o
    0x08005ff8   0x08005ff8   0x0000000c   Code   RO         2438    i.lfs_rawunmount    lfs.o
    0x08006004   0x08006004   0x00000036   Code   RO         2444    i.lfs_superblock_fromle32  lfs.o
    0x0800603a   0x0800603a   0x00000036   Code   RO         2445    i.lfs_superblock_tole32  lfs.o
    0x08006070   0x08006070   0x00000008   Code   RO         2446    i.lfs_tag_chunk     lfs.o
    0x08006078   0x08006078   0x00000016   Code   RO         2447    i.lfs_tag_dsize     lfs.o
    0x0800608e   0x0800608e   0x00000008   Code   RO         2448    i.lfs_tag_id        lfs.o
    0x08006096   0x08006096   0x00000012   Code   RO         2449    i.lfs_tag_isdelete  lfs.o
    0x080060a8   0x080060a8   0x00000012   Code   RO         2450    i.lfs_tag_isvalid   lfs.o
    0x080060ba   0x080060ba   0x00000008   Code   RO         2451    i.lfs_tag_size      lfs.o
    0x080060c2   0x080060c2   0x0000000e   Code   RO         2452    i.lfs_tag_splice    lfs.o
    0x080060d0   0x080060d0   0x0000000a   Code   RO         2453    i.lfs_tag_type1     lfs.o
    0x080060da   0x080060da   0x00000008   Code   RO         2454    i.lfs_tag_type3     lfs.o
    0x080060e2   0x080060e2   0x00000002   PAD
    0x080060e4   0x080060e4   0x00000098   Code   RO         3132    i.lfs_test          lfs_port.o
    0x0800617c   0x0800617c   0x0000000c   Code   RO         2455    i.lfs_tobe32        lfs.o
    0x08006188   0x08006188   0x0000000c   Code   RO         2456    i.lfs_tole32        lfs.o
    0x08006194   0x08006194   0x00000018   Code   RO         2457    i.lfs_unmount       lfs.o
    0x080061ac   0x080061ac   0x00000104   Code   RO           16    i.main              main.o
    0x080062b0   0x080062b0   0x00000018   Data   RO         2278    .constdata          system_stm32f1xx.o
    0x080062c8   0x080062c8   0x000001a0   Data   RO         2459    .constdata          lfs.o
    0x08006468   0x08006468   0x00000040   Data   RO         3110    .constdata          lfs_util.o
    0x080064a8   0x080064a8   0x0000004c   Data   RO         3134    .constdata          lfs_port.o
    0x080064f4   0x080064f4   0x00000009   Data   RO         2460    .conststring        lfs.o
    0x080064fd   0x080064fd   0x00000003   PAD
    0x08006500   0x08006500   0x00000020   Data   RO         3501    Region$$Table       anon$$obj.o


    Execution Region RW_IRAM1 (Exec base: 0x20000000, Load base: 0x08006520, Size: 0x00000600, Max: 0x00005000, ABSOLUTE)

    Exec Addr    Load Addr    Size         Type   Attr      Idx    E Section Name        Object

    0x20000000   0x08006520   0x00000010   Data   RW          392    .data               w25qxx.o
    0x20000010   0x08006530   0x00000009   Data   RW          892    .data               stm32f1xx_hal.o
    0x20000019   0x08006539   0x00000003   PAD
    0x2000001c   0x0800653c   0x00000004   Data   RW         2279    .data               system_stm32f1xx.o
    0x20000020   0x08006540   0x00000004   Data   RW         3477    .data               mc_w.l(stdout.o)
    0x20000024        -       0x00000058   Zero   RW          192    .bss                spi.o
    0x2000007c        -       0x00000044   Zero   RW          234    .bss                usart.o
    0x200000c0        -       0x00000040   Zero   RW         2458    .bss                lfs.o
    0x20000100        -       0x000000fc   Zero   RW         3133    .bss                lfs_port.o
    0x200001fc   0x08006544   0x00000004   PAD
    0x20000200        -       0x00000400   Zero   RW            1    STACK               startup_stm32f103xb.o


==============================================================================

Image component sizes


      Code (inc. data)   RO Data    RW Data    ZI Data      Debug   Object Name

       116         10          0          0          0        903   gpio.o
     16476       1386        425          0         64      92807   lfs.o
       250         42         76          0        252       7388   lfs_port.o
        60          6         64          0          0       1054   lfs_util.o
       396        178          0          0          0     403264   main.o
       200         20          0          0         88       1705   spi.o
        36          8        236          0       1024        820   startup_stm32f103xb.o
       192         36          0          9          0       6033   stm32f1xx_hal.o
       272         22          0          0          0      28866   stm32f1xx_hal_cortex.o
       812         34          0          0          0       2728   stm32f1xx_hal_gpio.o
        84          8          0          0          0        930   stm32f1xx_hal_msp.o
      1784        110          0          0          0       6148   stm32f1xx_hal_rcc.o
      1000          6          0          0          0       4545   stm32f1xx_hal_spi.o
       684          4          0          0          0       3696   stm32f1xx_hal_uart.o
        34          0          0          0          0       4094   stm32f1xx_it.o
         2          0         24          4          0       1175   system_stm32f1xx.o
       192         24          0          0         68       1730   usart.o
       804         64          0         16          0       7633   w25qxx.o

    ----------------------------------------------------------------------
     23430       1958        860         32       1500     575519   Object Totals
         0          0         32          0          0          0   (incl. Generated)
        36          0          3          3          4          0   (incl. Padding)

    ----------------------------------------------------------------------

      Code (inc. data)   RO Data    RW Data    ZI Data      Debug   Library Member Name

         0          0          0          0          0          0   entry.o
         0          0          0          0          0          0   entry10a.o
         0          0          0          0          0          0   entry11a.o
         8          4          0          0          0          0   entry2.o
         4          0          0          0          0          0   entry5.o
         0          0          0          0          0          0   entry7b.o
         0          0          0          0          0          0   entry8b.o
         8          4          0          0          0          0   entry9a.o
        30          0          0          0          0          0   handlers.o
        36          8          0          0          0         68   init.o
        30          0          0          0          0         68   llshl.o
        32          0          0          0          0         68   llushr.o
        26          0          0          0          0         80   memcmp.o
        36          0          0          0          0         68   memcpya.o
        36          0          0          0          0        108   memseta.o
      1154         54          0          0          0        352   printf8.o
         0          0          0          4          0          0   stdout.o
        20          0          0          0          0         68   strchr.o
        34          0          0          0          0         80   strcspn.o
        14          0          0          0          0         68   strlen.o
        28          0          0          0          0         80   strspn.o
        98          0          0          0          0         92   uldiv.o

    ----------------------------------------------------------------------
      1598         70          0          4          0       1200   Library Totals
         4          0          0          0          0          0   (incl. Padding)

    ----------------------------------------------------------------------

      Code (inc. data)   RO Data    RW Data    ZI Data      Debug   Library Name

      1594         70          0          4          0       1200   mc_w.l

    ----------------------------------------------------------------------
      1598         70          0          4          0       1200   Library Totals

    ----------------------------------------------------------------------

==============================================================================


      Code (inc. data)   RO Data    RW Data    ZI Data      Debug   

     25028       2028        860         36       1500     567355   Grand Totals
     25028       2028        860         36       1500     567355   ELF Image Totals
     25028       2028        860         36          0          0   ROM Totals

==============================================================================

    Total RO  Size (Code + RO Data)                25888 (  25.28kB)
    Total RW  Size (RW Data + ZI Data)              1536 (   1.50kB)
    Total ROM Size (Code + RO Data + RW Data)      25924 (  25.32kB)

==============================================================================

